
<6>[26167.707684] DEBUG_INFO: validate_conn_state: called: syn = 0 ack = 1 fin = 0 state: conn established.
[26167.707690] DEBUG_INFO: add_to_tcp_chain: called
[26167.707696] handle_tcp_conn_chain: reason: -4 no matching rule action 1.
[26167.707706] DEBUG_INFO: firewall_rx: packet process time: 706515 nano.
[26167.707724] DEBUG_INFO: firewall_rx: Received: 81.218.31.155 -> 10.0.0.6 from dev: eth0
[26167.707757] DEBUG_INFO: firewall_rx: TCP src_port: 80 dst_port: 51134 syn: 0 ack: 1
[26167.707762] len: 1726
[26167.707766] firewall_rx: data addrs data: e82d0882 sk: eb829600
[26167.707771] 1c 7d dd 38 6e 22 39 5b e2 08 59 da 48 f2 f1 58  .}.8n"9[..Y.H..X
[26167.707776] 53 3d 8e 40 9e b6 28 7a 9a df 6f 69 98 5a 98 d7  S=.@..(z..oi.Z..
[26167.707781] 43 3e 10 9a 89 4e 8c d6 76 78 d8 d5 c2 a1 7c c5  C>...N..vx....|.
[26167.707786] 94 a0 f5 d7 24 41 1b e8 26 d2 bf 14 b7 e9 38 97  ....$A..&.....8.
[26167.707791] 15 75 81 4e e5 9c 09 dd 2a d3 09 61 e0 27 d5 ad  .u.N....*..a.'..
[26167.707795] e3 93 a3 cd 46 a5 de d8 3c a9 e8 ba d9 ae ec 6c  ....F...<......l
[26167.707800] 1e 6d 57 6a b5 da c6 c6 fa 46 6d 0d 3f 07 fb e7  .mWj.....Fm.?...
[26167.707805] f5 8b fa 19 7b 5d 3f 6b 18 c5 70 f8 0a 55 3c c2  ....{]?k..p..U<.
[26167.707810] 89 2b cc a8 c8 be ab bf 7a 83 a7 cd 8b 37 0d 20  .+......z....7. 
[26167.707815] b2 2c e1 99 37 b0 c5 98 20 39 9b ad 4a 58 57 89  .,..7... 9..JXW.
[26167.707820] 4f 45 16 32 72 b5 a8 e7 6b 6b 2a 4e 31 c3 e1 32  OE.2r...kk*N1..2
[26167.707825] 30 1f b5 fe fb 33 68 76 cc 01 50 ce 05 44 0f 90  0....3hv..P..D..
[26167.707830] ea 66 e4 d4 69 0c 7c 29 11 68 dd 34 45 18 8e d7  .f..i.|).h.4E...
[26167.707835] 70 67 c8 47 04 35 1b 67 47 8d 13 76 79 71 6c a4  pg.G.5.gG..vyql.
[26167.707840] f0 74 c9 49 d8 b7 6f ea af 4e 9b 6f 0d de 8f bc  .t.I..o..N.o....
[26167.707845] 2e aa 54 c6 a6 34 67 90 c6 50 2a cc 48 36 62 89  ..T..4g..P*.H6b.
[26167.707850] ec fb d3 93 e6 4b dc d6 cb c6 e9 8b 97 4d bc 69  .....K.......M.i
[26167.707855] be 3d 87 9a 61 e2 69 3b 45 bb a9 8c 8d a1 22 ef  .=..a.i;E.....".
[26167.707861] bf c8 ce 5f bd 79 71 fa fa f2 bc fe 02 b4 89 c6  ..._.yq.........
[26167.707867] 69 74 30 63 48 e3 75 5a 6a 6a 1a c2 94 b8 51 cd  it0cH.uZjj....Q.
[26167.707873] 8e 7d 78 ae 5f 9d 07 9e 75 f5 5d 8c f4 8c cb d4  .}x._...u.].....
[26167.707879] e2 be 22 5b 83 2a 34 a9 0b bc c6 e6 7b 30 8d 54  .."[.*4.....{0.T
[26167.707885] e6 e2 cb 01 b9 61 c7 f3 3a 8e a0 d0 9a 02 48 db  .....a..:.....H.
[26167.707891] 82 cf e9 6b 98 17 6f 54 d7 74 5d 06 c0 79 aa 34  ...k..oT.t]..y.4
[26167.707897] ba 81 56 01 26 c9 a1 6a 7b 01 b0 38 d1 ac e7 91  ..V.&..j{..8....
[26167.707904] 00 67 02 2c 93 33 cb 9f 3c 32 87 b7 84 23 85 45  .g.,.3..<2...#.E
[26167.707909] 95 f5 e3 f3 bf 6f e9 9d d3 6f 7f a8 9c fc ad d6  .....o...o......
[26167.707915] 39 cb 5b 33 e0 4e 9f 42 f7 5a c6 b3 e3 70 cd ee  9.[3.N.B.Z...p..
[26167.707921] 47 88 b2 ca 91 31 13 f1 8e ae 27 3e 37 6a 22 11  G....1....'>7j".
[26167.707927] 0c 6c d8 1f b5 a8 34 42 e8 ff 2b cc 8a 7a d3 86  .l....4B..+..z..
[26167.707933] 81 f0 33 fd 15 59 1e 38 22 52 3b a8 3c 8c 06 17  ..3..Y.8"R;.<...
[26167.707939] a9 64 d2 2a 75 5b d5 b2 55 55 c4 43 86 53 f0 94  .d.*u[..UU.C.S..
[26167.707945] 84 0a a7 82 fc fb dd c5 36 04 75 d2 78 88 1c c7  ........6.u.x...
[26167.707952] 76 ec e3 f2 7d df dd 65 92 9f 4c 86 3a 96 d2 ca  v...}..e..L.:...
[26167.707958] 66 e9 4e b0 6a ff 67 ca ad 31 ba 98 75 f2 5d 2b  f.N.j.g..1..u.]+
[26167.707964] 6e a9 83 d3 e5 97 ca f7 ec 6d f3 36 d3 62 1c 7d  n........m.6.b.}
[26167.707969] be 9a f4 ab 3f 5a 8c fa bf 37 af 5b 31 02 07 13  ....?Z...7.[1...
[26167.707975] 10 81 05 0a 6a f1 9b a9 0d d8 20 79 79 9a 3f ba  ....j..... yy.?.
[26167.707981] ac f6 45 cf fc fe 43 ab 6e 58 af 4b 95 e4 0d 52  ..E...C.nX.K...R
[26167.707987] 38 e0 0e 31 18 3b 63 3a 08 33 cc a3 9f 80 1c c2  8..1.;c:.3......
[26167.707994] b5 80 93 46 d5 b7 cd 22 5b 93 d2 85 b0 ec 3e 20  ...F..."[.....> 
[26167.708000] f1 0a a1 12 32 cd 97 03 50 af 18 9e a1 f2 8a 8f  ....2...P.......
[26167.708006] 5b e8 29 86 98 a7 58 85 fd 02 4f 73 69 87 c4 9e  [.)...X...Osi...
[26167.708309] b2 42 4a 2a 8d b1 57 23 a0 c2 1a 1b 50 bf 41 4c  .BJ*..W#....P.AL
[26167.708314] c5 8c 1a 11 80 99 45 88 65 5a e2 0b 8c 39 82 34  ......E.eZ...9.4
[26167.708320] 5b 0e 54 f7 2d c9 0b 3b a0 2b 1c 49 61 4f 51 9d  [.T.-..;.+.IaOQ.
[26167.708325] 39 f2 1e 19 d0 04 4c a1 a7 ed 3e 8f ac ae d9 bf  9.....L...>.....
[26167.708330] 5d 25 f6 34 d6 f7 50 95 88 7a f7 9e 77 8e a3 19  ]%.4..P..z..w...
[26167.708335] 45 56 47 8e 16 42 b2 0f d4 3c 73 3e a6 6b 26 1b  EVG..B...<s>.k&.
[26167.708340] 3c b9 5a 35 2a 2f 64 9b 01 65 bb bc 0d 35 cd 12  <.Z5*/d..e...5..
[26167.708345] d7 10 b6 83 31 08 0b ce c8 f8 e3 c4 60 08 3c d3  ....1.......`.<.
[26167.708350] f5 4c e7 58 32 18 e2 81 f5 0a 9b 43 e8 17 ee 16  .L.X2......C....
[26167.708355] ad b8 7d af 3b 9b 95 e9 1a 6d b6 41 cf 84 20 8d  ..}.;....m.A.. .
[26167.708360] 96 64 35 8d fc 1c b7 96 59 a1 bd 28 29 5b d5 08  .d5.....Y..()[..
[26167.708365] cc cf 46 2e 39 4b 75 d6 58 b1 2d b2 fb 20 b0 d1  ..F.9Ku.X.-.. ..
[26167.708370] 26 4c 3f 25 3f e6 04 8a de d7 c5 b7 7b ef e1 e7  &L?%?.......{...
[26167.708375] ed fd dd dc f3 2f 39 7f c6 e8 8b 27 8b c4 3c 18  ...../9....'..<.
[26167.708380] b3 68 c4 f9 97 ef be d7 05 c4 fd 15 a5 0c f9 e2  .h..............
[26167.708385] 91 6f ea b2 18 a3 ea c0 6c 04 5a a9 96 08 70 d4  .o......l.Z...p.
[26167.708390] e5 1d ca a2 d2 67 20 6a e7 8c 26 93 09 3f d0 18  .....g j..&..?..
[26167.708395] 9f 06 5d 13 44 09 3f af 70 22 c9 72 cf c8 0b e1  ..].D.?.p".r....
[26167.708400] 1b a6 61 e4 11 03 a3 29 02 df d6 6a fc 12 cb 2f  ..a....)...j.../
[26167.708411] 28 28 23 42 53 18 62 71 47 36 d8 a2 35 6f ce 9c  ((#BS.bqG6..5o..
[26167.708416] 16 75 50 b1 d5 a4 0f 5b e5 e0 bc f9 04 02 ee f3  .uP....[........
[26167.708421] a4 7c 8a a6 9a 4e e1 be d1 29 ef ae 7a f1 17 6d  .|...N...)..z..m
[26167.708426] f3 fe fc 05 43 07 00 51 2e 91 8c fa 7a 30 15 5f  ....C..Q....z0._
[26167.708430] 5c 2b 97 d8 ce 84 0d 59 59 35 6b fb 62 88 30 1b  \+.....YY5k.b.0.
[26167.708435] c2 1a 6e 53 4d 8d 96 36 a4 b4 63 89 26 a3 7a f5  ..nSM..6..c.&.z.
[26167.708440] 21 0c 74 08 d5 1c c3 8a 2f 90 d8 5e 12 e9 86 36  !.t...../..^...6
[26167.708445] f9 05 57 96 cc 7a 47 a2 9c 2d 76 34 4b fe 0b 33  ..W..zG..-v4K..3
[26167.708449] 1f 71 c5 27 14 c2 74 70 08 e1 68 c2 fd 6c 05 07  .q.'..tp..h..l..
[26167.708454] 47 70 38 a9 ee b7 b7 a5 3b df 96 7c 26 a4 41 a2  Gp8.....;..|&.A.
[26167.708459] a0 48 55 1d af e2 58 e0 67 a3 c0 c2 8b 71 84 35  .HU...X.g....q.5
[26167.708464] b0 63 0b 22 1a f6 7b 4a b1 6a ac 19 38 78 02 cc  .c."..{J.j..8x..
[26167.708469] 63 93 5c 32 36 75 2a 8f 61 68 1e 9e 30 3a c2 14  c.\26u*.ah..0:..
[26167.708474] 06 c7 45 3c f0 0b 0f 8d 97 74 c2 9f 7c 48 6e f0  ..E<.....t..|Hn.
[26167.708479] 04 77 ff e7 83 c6 ee 11 33 33 84 39 c5 7e 18 94  .w......33.9.~..
[26167.708484] 5f 33 54 09 76 04 f1 9e 9d d3 03 6c ab ed ae cf  _3T.v......l....
[26167.708489] f7 00 e9 5e 85 ef cb 6e ab b8 32 2b 1a 16 46 b3  ...^...n..2+..F.
[26167.708494] db 6c 2a c6 74 46 34 23 47 91 e2 61 08 e4 32 61  .l*.tF4#G..a..2a
[26167.708499] 2f 4a 5d 44 7e 1f 81 9b 02 b4 52 d2 22 ff c7 e1  /J]D~.....R."...
[26167.708503] 83 c9 a3 da e4 29 a5 bc 63 b2 1c f5 a5 2f ff 3c  .....)..c..../.<
[26167.708508] 95 cd 66 c9 78 61 11 0b 22 8d f9 1e f2 02 6d e5  ..f.xa..".....m.
[26167.708513] 31 0b 5f a9 c9 b7 0f d4 e6 7b 36 13 b2 a7 b3 28  1._......{6....(
[26167.708518] d6 4e b0 b7 fc da 47 cf 00 00 02 00 00 00 00 00  .N....G.........
[26167.708523] 00 00 05 00 00 00 00 00 00 00 05 00 00 00 00 00  ................
[26167.708528] 00 00 00 00 00 00 00 00 00 00 04 00 00 00 00 00  ................
[26167.708533] 00 00 00 00 00 00 00 00 00 00 00 00 00 00 00 00  ................
[26167.708538] 00 00 00 00 00 00 44 6e bd f7 00 00 00 00 10 0e  ......Dn........
[26167.708543] 2d e8 10 0e 2d e8 00 00 00 00 fa 00 00 00 04 00  -...-...........
[26167.708548] 00 00 00 00 00 00 00 00 00 00 08 6f bd f7 00 00  ...........o....
[26167.708553] 00 00 20 94 94 c1 00 00 00 00 00 00 00 00 00 00  .. .............
[26167.708558] 00 00 00 00 00 00 0f 00 00 00 0b 00 00 00 7f d6  ................
[26167.708563] 22 00 00 00 00 00 bb 0d 54 fa 8d 08 00 00 00 00  ".......T.......
[26167.708568] 00 00 00 00 00 00 e8 73 f1 ed 28 c1 f0 ed 8c 00  .......s..(.....
[26167.708573] 00 00 74 0e 2d e8 74 0e 2d e8 7c 0e 2d e8 7c 0e  ..t.-.t.-.|.-.|.
[26167.708578] 2d e8 00 00 00 00 00 00 00 00 00 00 00 00 00 00  -...............
[26167.708583] 00 00 00 00 00 00 00 00 00 00 20 00 00 00 00 00  .......... .....
[26167.708587] 00 00 ff ff ff ff 00 00 00 00 00 00 00 00 00 00  ................
[26167.708592] 00 00 00 00 00 00 10 66 00 00 a7 0d 00 00 ea 3d  .......f.......=
[26167.708598] e9 55 00 80 47 f7 00 80 47 f7 cc 0e 2d e8 cc 0e  .U..G...G...-...
[26167.708603] 2d e8 d4 0e 2d e8 d4 0e 2d e8 00 80 f0 ed e0 0e  -...-...-.......
[26167.708607] 2d e8 e0 0e 2d e8 e8 0e 2d e8 e8 0e 2d e8 00 00  -...-...-...-...
[26167.708612] 00 00 00 02 20 00 00 00 00 00 bc 41 f2 f6 7c 74  .... ......A..|t
[26167.708617] f1 ed c0 d4 d2 f6 c8 41 f2 f6 88 74 f1 ed c0 d4  .......A...t....
[26167.708623] d2 f6 74 28 2d e8 00 02 20 00 00 00 00 00 00 00  ..t(-... .......
[26167.708628] 00 00 00 00 00 00 00 00 00 00 00 00 00 00 00 00  ................
[26167.708633] 00 00 00 00 00 00 00 00 00 00 00 00 00 00        ..............
[26167.708638] DEBUG_INPUT: handle_tcp_conn_chain: Called.
[26167.708643] DEBUG_INPUT: handle_tcp_conn_chain: conn_node found: eb600000.
[26167.708653] DEBUG_INFO: validate_conn_state: called: syn = 0 ack = 1 fin = 0 state: conn established.
[26167.708658] DEBUG_INFO: add_to_tcp_chain: called
[26167.708662] handle_tcp_conn_chain: reason: -4 no matching rule action 1.
[26167.708672] DEBUG_INFO: firewall_rx: packet process time: 947048 nano.
[26167.709162] DEBUG_INFO: firewall_rx: Received: 10.0.0.6 -> 81.218.31.155 from dev: (null)
[26167.709169] DEBUG_INFO: firewall_rx: TCP src_port: 51134 dst_port: 80 syn: 0 ack: 1
[26167.709173] len: 16
[26167.709178] firewall_rx: data addrs data: f2bc4f30 sk: f750c6c0
[26167.709183] 6f cb 41 03 00 00 00 00 00 00 00 00 00 00 00 00  o.A.............
[26167.709188] DEBUG_INPUT: handle_tcp_conn_chain: Called.
[26167.709193] DEBUG_INPUT: handle_tcp_conn_chain: conn_node found: eb600000.
[26167.709202] DEBUG_INFO: validate_conn_state: called: syn = 0 ack = 1 fin = 0 state: conn established.
[26167.709207] DEBUG_INFO: add_to_tcp_chain: called
[26167.709211] handle_tcp_conn_chain: reason: -4 no matching rule action 1.
[26167.709236] DEBUG_INFO: firewall_rx: packet process time: 76546 nano.
[26167.737022] DEBUG_INFO: firewall_rx: Received: 10.0.0.6 -> 81.218.31.155 from dev: (null)
[26167.737028] DEBUG_INFO: firewall_rx: TCP src_port: 51134 dst_port: 80 syn: 0 ack: 1
[26167.737032] len: 1552
[26167.737036] firewall_rx: data addrs data: ee97d930 sk: c0c17240
[26167.737040] 47 45 54 20 2f 64 63 2f 64 63 4c 6f 61 64 41 64  GET /dc/dcLoadAd
[26167.737045] 73 2f 30 2c 31 32 38 30 33 2c 2c 30 30 2e 6a 73  s/0,12803,,00.js
[26167.737049] 20 48 54 54 50 2f 31 2e 31 0d 0a 48 6f 73 74 3a   HTTP/1.1..Host:
[26167.737053] 20 77 77 77 2e 79 6e 65 74 2e 63 6f 2e 69 6c 0d   www.ynet.co.il.
[26167.737056] 0a 43 6f 6e 6e 65 63 74 69 6f 6e 3a 20 6b 65 65  .Connection: kee
[26167.737060] 70 2d 61 6c 69 76 65 0d 0a 41 63 63 65 70 74 3a  p-alive..Accept:
[26167.737064] 20 2a 2f 2a 0d 0a 55 73 65 72 2d 41 67 65 6e 74   */*..User-Agent
[26167.737068] 3a 20 4d 6f 7a 69 6c 6c 61 2f 35 2e 30 20 28 58  : Mozilla/5.0 (X
[26167.737072] 31 31 3b 20 4c 69 6e 75 78 20 69 36 38 36 29 20  11; Linux i686) 
[26167.737076] 41 70 70 6c 65 57 65 62 4b 69 74 2f 35 33 37 2e  AppleWebKit/537.
[26167.737080] 31 37 20 28 4b 48 54 4d 4c 2c 20 6c 69 6b 65 20  17 (KHTML, like 
[26167.737083] 47 65 63 6b 6f 29 20 43 68 72 6f 6d 65 2f 32 34  Gecko) Chrome/24
[26167.737087] 2e 30 2e 31 33 31 32 2e 35 36 20 53 61 66 61 72  .0.1312.56 Safar
[26167.737091] 69 2f 35 33 37 2e 31 37 0d 0a 52 65 66 65 72 65  i/537.17..Refere
[26167.737095] 72 3a 20 68 74 74 70 3a 2f 2f 77 77 77 2e 79 6e  r: http://www.yn
[26167.737098] 65 74 2e 63 6f 2e 69 6c 2f 68 6f 6d 65 2f 30 2c  et.co.il/home/0,
[26167.737102] 37 33 34 30 2c 4c 2d 38 2c 30 30 2e 68 74 6d 6c  7340,L-8,00.html
[26167.737106] 0d 0a 41 63 63 65 70 74 2d 45 6e 63 6f 64 69 6e  ..Accept-Encodin
[26167.737110] 67 3a 20 67 7a 69 70 2c 64 65 66 6c 61 74 65 2c  g: gzip,deflate,
[26167.737113] 73 64 63 68 0d 0a 41 63 63 65 70 74 2d 4c 61 6e  sdch..Accept-Lan
[26167.737118] 67 75 61 67 65 3a 20 65 6e 2d 55 53 2c 65 6e 3b  guage: en-US,en;
[26167.737121] 71 3d 30 2e 38 0d 0a 41 63 63 65 70 74 2d 43 68  q=0.8..Accept-Ch
[26167.737125] 61 72 73 65 74 3a 20 49 53 4f 2d 38 38 35 39 2d  arset: ISO-8859-
[26167.737129] 31 2c 75 74 66 2d 38 3b 71 3d 30 2e 37 2c 2a 3b  1,utf-8;q=0.7,*;
[26167.737132] 71 3d 30 2e 33 0d 0a 43 6f 6f 6b 69 65 3a 20 64  q=0.3..Cookie: d
[26167.737136] 63 73 79 6e 63 79 6e 74 3d 74 72 75 65 3b 20 5f  csyncynt=true; _
[26167.737140] 63 62 5f 6c 73 3d 31 3b 20 5f 63 68 61 72 74 62  cb_ls=1; _chartb
[26167.737143] 65 61 74 32 3d 47 37 5a 73 7a 51 49 37 71 76 44  eat2=G7ZszQI7qvD
[26167.737147] 61 2f 2f 70 4e 2e 31 33 39 39 30 33 33 37 36 32  a//pN.1399033762
[26167.737151] 38 38 37 2e 31 34 30 31 34 36 30 30 32 33 32 34  887.140146002324
[26167.737174] 34 2e 30 30 31 30 30 30 30 30 30 30 30 30 30 30  4.00100000000000
[26167.737178] 31 31 3b 20 5f 63 68 61 72 74 62 65 61 74 5f 75  11; _chartbeat_u
[26167.737182] 75 6e 69 71 3d 33 3b 20 5f 64 79 63 6e 6f 61 62  uniq=3; _dycnoab
[26167.737186] 63 3d 31 34 30 31 34 36 30 30 32 33 35 32 30 3b  c=1401460023520;
[26167.737189] 20 5f 64 79 72 69 5f 38 37 36 35 32 33 35 3d 64   _dyri_8765235=d
[26167.737193] 79 70 72 65 6d 25 37 43 32 30 37 31 25 37 43 25  yprem%7C2071%7C%
[26167.737197] 37 43 30 25 37 43 25 37 43 25 37 43 2e 64 79 70  7C0%7C%7C%7C.dyp
[26167.737201] 72 65 6d 25 37 43 32 30 39 31 25 37 43 25 37 43  rem%7C2091%7C%7C
[26167.737226] 30 25 37 43 25 37 43 25 37 43 2e 64 79 6f 74 68  0%7C%7C%7C.dyoth
[26167.737230] 65 72 25 37 43 31 33 36 33 35 25 37 43 25 37 43  er%7C13635%7C%7C
[26167.737234] 35 25 37 43 25 37 43 25 37 43 2e 64 79 6f 74 68  5%7C%7C%7C.dyoth
[26167.737238] 65 72 25 37 43 31 33 36 33 37 25 37 43 25 37 43  er%7C13637%7C%7C
[26167.737242] 37 36 25 37 43 25 37 43 25 37 43 2e 64 79 70 72  76%7C%7C%7C.dypr
[26167.737245] 65 6d 25 37 43 32 30 36 39 25 37 43 25 37 43 31  em%7C2069%7C%7C1
[26167.737249] 33 31 25 37 43 25 37 43 25 37 43 2e 64 79 6f 74  31%7C%7C%7C.dyot
[26167.737253] 68 65 72 25 37 43 32 32 33 39 25 37 43 25 37 43  her%7C2239%7C%7C
[26167.737257] 33 35 31 25 37 43 25 37 43 25 37 43 2e 64 79 63  351%7C%7C%7C.dyc
[26167.737261] 6f 6e 74 65 6e 74 25 37 43 31 39 38 34 30 25 37  ontent%7C19840%7
[26167.737265] 43 25 37 43 33 35 31 25 37 43 25 37 43 25 37 43  C%7C351%7C%7C%7C
[26167.737269] 2e 64 79 63 6f 6e 74 65 6e 74 25 37 43 31 39 38  .dycontent%7C198
[26167.737272] 36 34 25 37 43 25 37 43 33 35 31 25 37 43 25 37  64%7C%7C351%7C%7
[26167.737276] 43 25 37 43 3b 20 5f 5f 43 54 5f 44 61 74 61 3d  C%7C; __CT_Data=
[26167.737280] 67 70 76 3d 39 36 26 61 70 76 5f 33 33 31 35 33  gpv=96&apv_33153
[26167.737283] 5f 77 77 77 30 32 3d 39 36 3b 20 57 52 55 49 44  _www02=96; WRUID
[26167.737287] 3d 30 3b 20 5f 64 79 61 75 64 5f 70 61 67 65 3d  =0; _dyaud_page=
[26167.737291] 32 31 31 40 36 35 33 31 32 32 35 34 36 40 30 40  211@653122546@0@
[26167.737294] 31 39 35 2e 35 36 33 40 2d 31 36 33 37 32 30 36  195.563@-1637206
[26167.737298] 38 32 33 40 30 40 37 34 35 2e 35 38 37 40 2d 39  823@0@745.587@-9
[26167.737302] 37 35 32 31 39 38 34 31 40 30 40 37 38 31 2e 35  75219841@0@781.5
[26167.737305] 38 39 40 2d 31 33 38 36 34 35 32 34 38 31 40 30  89@-1386452481@0
[26167.737309] 40 37 38 33 2e 35 39 30 40 32 30 37 30 33 37 30  @783.590@2070370
[26167.737313] 31 32 39 40 30 40 37 38 34 2e 36 32 37 40 31 39  129@0@784.627@19
[26167.737316] 34 39 39 37 37 37 32 34 40 31 40 38 36 35 2e 36  49977724@1@865.6
[26167.737320] 36 36 40 2d 35 32 32 30 36 38 31 38 31 40 30 40  66@-522068181@0@
[26167.737324] 39 34 36 2d 39 34 37 2d 39 34 38 2e 36 36 39 40  946-947-948.669@
[26167.737327] 2d 31 38 34 30 33 34 36 30 33 39 40 30 40 39 35  -1840346039@0@95
[26167.737331] 35 2d 39 35 36 2d 39 35 37 2e 36 37 32 40 2d 31  5-956-957.672@-1
[26167.737335] 30 35 38 36 31 33 34 39 38 40 30 40 39 36 34 2d  058613498@0@964-
[26167.737338] 39 36 35 2d 39 36 36 2e 36 37 38 40 31 37 31 30  965-966.678@1710
[26167.737342] 38 36 32 39 38 38 40 30 40 39 38 35 2d 39 38 36  862988@0@985-986
[26167.737346] 2d 39 38 37 2e 36 38 31 40 2d 31 36 30 30 39 31  -987.681@-160091
[26167.737350] 31 30 36 39 40 30 40 39 39 34 2d 39 39 35 2d 39  1069@0@994-995-9
[26167.737353] 39 36 2e 37 38 34 40 33 32 35 37 34 35 36 37 36  96.784@325745676
[26167.737357] 40 30 40 31 31 35 37 2d 31 31 35 38 2d 31 31 35  @0@1157-1158-115
[26167.737361] 39 2e 37 38 35 40 31 36 33 33 31 30 33 35 38 40  9.785@163310358@
[26167.737365] 30 40 31 31 36 30 2d 31 31 36 31 2d 31 31 36 32  0@1160-1161-1162
[26167.737368] 2e 37 38 36 40 2d 39 36 30 34 33 35 38 36 31 40  .786@-960435861@
[26167.737372] 30 40 31 31 36 33 2d 31 31 36 34 2d 31 31 36 35  0@1163-1164-1165
[26167.737376] 2e 37 38 37 40 2d 31 32 33 33 37 35 36 37 36 35  .787@-1233756765
[26167.737379] 40 30 40 31 31 36 36 2d 31 31 36 37 2d 31 31 36  @0@1166-1167-116
[26167.737383] 38 2e 37 39 30 40 36 37 38 35 33 33 35 32 30 40  8.790@678533520@
[26167.737387] 30 40 31 31 37 38 2d 31 31 37 39 2d 31 31 38 30  0@1178-1179-1180
[26167.737390] 2e 37 39 31 40 31 30 32 36 37 36 34 34 30 34 40  .791@1026764404@
[26167.737394] 30 40 31 31 38 31 2d 31 31 38 32 2d 31 31 38 33  0@1181-1182-1183
[26167.737398] 2e 37 39 32 1b 1f 19 3e 31 c9 09 3d 00 00 1c 43  .792...>1..=...C
[26167.737402] 00 00 d0 42 00 00 00 00 ef be ad de e1 0d 00 00  ...B............
[26167.737406] 00 00 00 00 e1 0d 00 00 10 00 00 00 00 23 00 00  .............#..
[26167.737410] 00 22 00 00 01 1e 00 00 10 00 00 00 00 23 00 00  ."...........#..
[26167.737413] 00 22 00 00 01 1e 00 00 10 00 00 00 00 23 00 00  ."...........#..
[26167.737417] 00 22 00 00 01 1e 00 00 10 00 00 00 00 23 00 00  ."...........#..
[26167.737421] 00 22 00 00 01 1e 00 00 10 00 00 00 00 23 00 00  ."...........#..
[26167.737424] 00 22 00 00 01 1e 00 00 10 00 00 00 00 23 00 00  ."...........#..
[26167.737428] 00 22 00 00 01 1e 00 00 10 00 00 00 00 23 00 00  ."...........#..
[26167.737432] 00 22 00 00 01 1e 00 00 10 00 00 00 00 23 00 00  ."...........#..
[26167.737436] 00 22 00 00 01 1e 00 00 10 00 00 00 00 23 00 00  ."...........#..
[26167.737439] 00 22 00 00 01 1e 00 00 10 00 00 00 00 23 00 00  ."...........#..
[26167.737443] 00 22 00 00 01 1e 00 00 10 00 00 00 00 23 00 00  ."...........#..
[26167.737447] DEBUG_INPUT: handle_tcp_conn_chain: Called.
[26167.737452] DEBUG_INPUT: handle_tcp_conn_chain: conn_node found: eb600000.
[26167.737459] DEBUG_INFO: validate_conn_state: called: syn = 0 ack = 1 fin = 0 state: conn established.
[26167.737463] DEBUG_INFO: add_to_tcp_chain: called
[26167.737467] handle_tcp_conn_chain: reason: -4 no matching rule action 1.
[26167.737473] DEBUG_INFO: firewall_rx: packet process time: 457879 nano.
[26167.737526] DEBUG_INFO: firewall_rx: Received: 10.0.0.6 -> 81.218.31.155 from dev: (null)
[26167.737532] DEBUG_INFO: firewall_rx: TCP src_port: 51134 dst_port: 80 syn: 0 ack: 1
[26167.737537] len: 1552
[26167.737541] firewall_rx: data addrs data: ee97e130 sk: c0c17b00
[26167.737546] 40 31 30 30 31 38 37 38 30 35 40 30 40 31 31 38  @100187805@0@118
[26167.737551] 34 2d 31 31 38 35 2d 31 31 38 36 2e 37 39 33 40  4-1185-1186.793@
[26167.737556] 31 35 33 31 37 31 37 37 36 31 40 30 40 31 31 38  1531717761@0@118
[26167.737560] 37 2d 31 31 38 38 2d 31 31 38 39 2e 38 32 36 40  7-1188-1189.826@
[26167.737565] 31 37 39 35 32 37 30 36 33 33 40 30 40 31 32 33  1795270633@0@123
[26167.737570] 37 2d 31 32 33 38 2e 39 39 37 40 2d 31 32 36 32  7-1238.997@-1262
[26167.737575] 39 37 38 38 37 40 30 40 31 35 35 36 2a 32 30 31  97887@0@1556*201
[26167.737579] 34 2d 30 35 2d 33 30 2a 32 30 31 34 2d 30 35 2d  4-05-30*2014-05-
[26167.737584] 33 30 25 32 30 30 33 25 33 41 34 31 25 33 41 35  30%2003%3A41%3A5
[26167.737589] 32 3b 20 5f 64 79 63 6d 63 3d 39 33 3b 20 5f 64  2; _dycmc=93; _d
[26167.737594] 79 63 73 74 3d 74 67 2e 6c 2e 66 72 76 32 2e 73  ycst=tg.l.frv2.s
[26167.737599] 73 2e 74 6f 73 2e 61 68 2e 63 6c 6b 2e 63 64 2e  s.tos.ah.clk.cd.
[26167.737604] 6e 63 33 2e 63 2e 3b 20 5f 64 79 5f 67 65 6f 3d  nc3.c.; _dy_geo=
[26167.737609] 49 4c 2e 41 53 3b 20 5f 64 79 61 75 64 5f 6e 63  IL.AS; _dyaud_nc
[26167.737613] 68 63 3d 2a 2a 2a 32 31 31 40 31 2e 35 36 33 40  hc=***211@1.563@
[26167.737618] 31 2e 35 38 37 40 31 2e 35 38 39 40 31 2e 35 39  1.587@1.589@1.59
[26167.737623] 30 40 31 2e 36 36 36 40 31 2e 36 36 39 40 31 2e  0@1.666@1.669@1.
[26167.737629] 36 37 32 40 31 2e 36 37 38 40 31 2e 36 38 31 40  672@1.678@1.681@
[26167.737634] 31 2e 37 38 34 40 31 2e 37 38 35 40 31 2e 37 38  1.784@1.785@1.78
[26167.737637] 36 40 31 2e 37 38 37 40 31 2e 37 39 30 40 31 2e  6@1.787@1.790@1.
[26167.737641] 37 39 31 40 31 2e 37 39 32 40 31 2e 37 39 33 40  791@1.792@1.793@
[26167.737645] 31 2e 38 32 36 40 31 2e 39 39 37 40 31 3b 20 5f  1.826@1.997@1; _
[26167.737648] 64 79 75 73 5f 38 37 36 35 32 33 35 3d 32 36 31  dyus_8765235=261
[26167.737652] 25 37 43 31 31 39 33 32 25 37 43 38 25 37 43 30  %7C11932%7C8%7C0
[26167.737656] 25 37 43 30 25 37 43 30 2e 30 2e 31 33 39 39 30  %7C0%7C0.0.13990
[26167.737659] 33 33 37 36 32 34 33 39 2e 31 34 30 31 34 36 34  33762439.1401464
[26167.737663] 30 37 34 35 35 35 2e 32 34 33 30 33 31 32 2e 30  074555.2430312.0
[26167.737667] 25 37 43 31 34 39 25 37 43 32 32 25 37 43 34 25  %7C149%7C22%7C4%
[26167.737670] 37 43 31 31 34 25 37 43 33 25 37 43 32 25 37 43  7C114%7C3%7C2%7C
[26167.737674] 30 25 37 43 30 25 37 43 30 25 37 43 30 25 37 43  0%7C0%7C0%7C0%7C
[26167.737677] 30 25 37 43 35 25 37 43 33 25 37 43 31 37 25 37  0%7C5%7C3%7C17%7
[26167.737681] 43 38 25 37 43 36 39 25 37 43 30 25 37 43 31 30  C8%7C69%7C0%7C10
[26167.737709] 32 25 37 43 30 25 37 43 30 25 37 43 30 25 37 43  2%7C0%7C0%7C0%7C
[26167.737714] 30 25 37 43 30 3b 20 5f 5f 75 74 6d 61 3d 31 2e  0%7C0; __utma=1.
[26167.737717] 31 34 39 39 31 30 34 39 30 39 2e 31 33 39 39 30  1499104909.13990
[26167.737721] 34 33 37 39 35 2e 31 34 30 31 34 36 30 30 32 32  43795.1401460022
[26167.737725] 2e 31 34 30 31 34 36 34 30 37 34 2e 31 30 3b 20  .1401464074.10; 
[26167.737728] 5f 5f 75 74 6d 7a 3d 31 2e 31 33 39 39 30 34 33  __utmz=1.1399043
[26167.737732] 37 39 35 2e 31 2e 31 2e 75 74 6d 63 73 72 3d 28  795.1.1.utmcsr=(
[26167.737736] 64 69 72 65 63 74 29 7c 75 74 6d 63 63 6e 3d 28  direct)|utmccn=(
[26167.737740] 64 69 72 65 63 74 29 7c 75 74 6d 63 6d 64 3d 28  direct)|utmcmd=(
[26167.737740] 6e 6f 6e 65 29 3b 20 74 6d 63 79 6e 74 3d 30 30  none); tmcynt=00
[26167.737749] 30 30 30 30 30 30 30 30 30 30 30 30 32 30 30 30  0000000000002000
[26167.737753] 30 30 30 30 30 30 30 30 30 30 35 30 0d 0a 49 66  000000000050..If
[26167.737757] 2d 4e 6f 6e 65 2d 4d 61 74 63 68 3a 20 22 32 30  -None-Match: "20
[26167.737761] 37 61 66 33 63 31 32 64 36 38 63 66 31 3a 65 31  7af3c12d68cf1:e1
[26167.737764] 33 22 0d 0a 49 66 2d 4d 6f 64 69 66 69 65 64 2d  3"..If-Modified-
[26167.737768] 53 69 6e 63 65 3a 20 4d 6f 6e 2c 20 30 35 20 4d  Since: Mon, 05 M
[26167.737772] 61 79 20 32 30 31 34 20 30 36 3a 34 36 3a 33 35  ay 2014 06:46:35
[26167.737775] 20 47 4d 54 0d 0a 0d 0a f0 f1 f2 ff f0 f1 f2 ff   GMT............
[26167.737780] f0 f1 f2 ff f0 f1 f2 ff f0 f1 f2 ff f0 f1 f2 ff  ................
[26167.737783] f0 f1 f2 ff f0 f1 f2 ff c6 cb d6 ff a5 af c4 ff  ................
[26167.737787] bd c5 d6 ff f0 f1 f2 ff f0 f1 f2 ff f0 f1 f2 ff  ................
[26167.737791] f0 f1 f2 ff f0 f1 f2 ff f0 f1 f2 ff f0 f1 f2 ff  ................
[26167.737794] f0 f1 f2 ff f0 f1 f2 ff f0 f1 f2 ff f0 f1 f2 ff  ................
[26167.737798] f0 f1 f2 ff f0 f1 f2 ff e5 e7 eb ff a8 b1 c7 ff  ................
[26167.737802] b0 ba d0 ff d7 db e4 ff f0 f1 f2 ff f0 f1 f2 ff  ................
[26167.737805] f0 f1 f2 ff f0 f1 f2 ff f0 f1 f2 ff f0 f1 f2 ff  ................
[26167.737809] f0 f1 f2 ff f0 f1 f2 ff c5 ca d5 ff a3 aa be ff  ................
[26167.737813] d6 da e1 ff f0 f1 f2 ff f0 f1 f2 ff bf c4 d1 ff  ................
[26167.737816] b0 ba d0 ff b0 ba d0 ff ce d2 dc ff ef f0 f1 ff  ................
[26167.737820] f0 f1 f2 ff f0 f1 f2 ff f0 f1 f2 ff f0 f1 f2 ff  ................
[26167.737824] ee ef f1 ff c4 c9 d5 ff a1 a9 bd ff a8 b1 c8 ff  ................
[26167.737828] d5 da e4 ff f0 f1 f2 ff f0 f1 f2 ff ec ed ef ff  ................
[26167.737832] ba c2 d3 ff b0 ba d0 ff b0 ba d0 ff b1 b8 cb ff  ................
[26167.737836] cb d0 d9 ff d6 da e1 ff d6 da e1 ff c9 ce d7 ff  ................
[26167.737839] a9 b1 c2 ff a1 a9 bd ff a8 b1 c8 ff c6 cd dc ff  ................
[26167.737843] f0 f1 f2 ff f0 f1 f2 ff f0 f1 f2 ff f0 f1 f2 ff  ................
[26167.737848] ed ee f0 ff c3 ca d9 ff b0 ba d0 ff b0 ba d0 ff  ................
[26167.737852] ae b8 ce ff a7 b0 c6 ff a5 af c4 ff a5 af c4 ff  ................
[26167.737856] a8 b1 c7 ff af b9 cf ff cf d4 e0 ff ee ef f1 ff  ................
[26167.737860] f0 f1 f2 ff f0 f1 f2 ff f0 f1 f2 ff f0 f1 f2 ff  ................
[26167.737863] f0 f1 f2 ff f0 f1 f2 ff e0 e3 e9 ff ca d1 df ff  ................
[26167.737867] bd c5 d7 ff b2 bc d1 ff b0 ba d0 ff bd c5 d7 ff  ................
[26167.737871] ce d3 e0 ff e7 e9 ee ff f0 f1 f2 ff f0 f1 f2 ff  ................
[26167.737875] f0 f1 f2 ff f0 f1 f2 ff e1 0d 00 00 e1 0d 00 00  ................
[26167.737879] be 00 00 00 18 00 00 00 17 01 00 00 03 00 00 00  ................
[26167.737883] 06 14 00 00 14 00 00 00 a8 ff d1 0a 18 00 00 00  ................
[26167.737887] f6 00 00 00 02 00 00 00 06 14 00 00 14 00 00 00  ................
[26167.737890] a0 ff d1 0a 07 00 00 00 c0 84 00 00 3b 3f 03 3e  ............;?.>
[26167.737894] 31 c9 09 3d 00 00 0c 43 00 00 d0 42 00 00 00 00  1..=...C...B....
[26167.737898] c0 84 00 00 3b 3f 03 3e 6e fe 6d 3d 00 00 0c 43  ....;?.>n.m=...C
[26167.737901] 00 00 f0 42 00 00 00 00 c0 84 00 00 1b 1f 19 3e  ...B...........>
[26167.737905] 6e fe 6d 3d 00 00 1c 43 00 00 f0 42 00 00 00 00  n.m=...C...B....
[26167.737908] c0 84 00 00 1b 1f 19 3e 31 c9 09 3d 00 00 1c 43  .......>1..=...C
[26167.737912] 00 00 d0 42 00 00 00 00 ef be ad de e1 0d 00 00  ...B............
[26167.737916] 00 00 00 00 e1 0d 00 00 10 00 00 00 00 23 00 00  .............#..
[26167.737920] 00 22 00 00 01 1e 00 00 10 00 00 00 00 23 00 00  ."...........#..
[26167.737923] 00 22 00 00 01 1e 00 00 10 00 00 00 00 23 00 00  ."...........#..
[26167.737927] 00 22 00 00 01 1e 00 00 10 00 00 00 00 23 00 00  ."...........#..
[26167.737931] 00 22 00 00 01 1e 00 00 10 00 00 00 00 23 00 00  ."...........#..
[26167.737935] 00 22 00 00 01 1e 00 00 10 00 00 00 00 23 00 00  ."...........#..
[26167.737938] 00 22 00 00 01 1e 00 00 10 00 00 00 00 23 00 00  ."...........#..
[26167.737942] 00 22 00 00 01 1e 00 00 10 00 00 00 00 23 00 00  ."...........#..
[26167.737946] 00 22 00 00 01 1e 00 00 10 00 00 00 00 23 00 00  ."...........#..
[26167.737949] 00 22 00 00 01 1e 00 00 10 00 00 00 00 23 00 00  ."...........#..
[26167.737953] 00 22 00 00 01 1e 00 00 10 00 00 00 00 23 00 00  ."...........#..
[26167.737957] DEBUG_INPUT: handle_tcp_conn_chain: Called.
[26167.737961] DEBUG_INPUT: handle_tcp_conn_chain: conn_node found: eb600000.
[26167.737968] DEBUG_INFO: validate_conn_state: called: syn = 0 ack = 1 fin = 0 state: conn established.
[26167.737972] DEBUG_INFO: add_to_tcp_chain: called
[26167.737975] handle_tcp_conn_chain: reason: -4 no matching rule action 1.
[26167.737982] DEBUG_INFO: firewall_rx: packet process time: 458997 nano.
[26167.740694] DEBUG_INFO: firewall_rx: Received: 81.218.31.155 -> 10.0.0.6 from dev: eth0
[26167.740702] DEBUG_INFO: firewall_rx: TCP src_port: 80 dst_port: 51134 syn: 0 ack: 1
[26167.740708] len: 1726
[26167.740713] firewall_rx: data addrs data: e7404082 sk: f2b96000
[26167.740720] 3f b4 bc a3 f1 7f e9 41 a1 63 92 a1 ef 31 8e 9c  ?......A.c...1..
[26167.740726] 84 e7 3f 8f 7f a3 b7 bc 1b ff b2 44 d6 91 09 47  ..?........D...G
[26167.740731] bf 5b 69 f6 4b ab 9a 90 38 f9 86 a9 ac 8b 7f a6  .[i.K...8.......
[26167.740737] 31 2b 0c ed ad 2e a5 02 01 7a d2 d3 a2 96 b9 36  1+.......z.....6
[26167.740743] f0 8b 99 2b 7e 27 7b a5 91 bd d0 36 27 af 68 13  ...+~'{....6'.h.
[26167.740748] a3 a0 49 0e a5 b8 93 28 69 75 64 07 92 69 6a dd  ..I....(iud..ij.
[26167.740754] a0 eb 71 25 66 db 6b 05 7d 56 20 f8 45 bf 13 42  ..q%f.k.}V .E..B
[26167.740760] d4 21 35 73 91 70 0e bf 28 65 cd fa bf 83 60 bf  .!5s.p..(e....`.
[26167.740766] 66 d4 5f a4 cd de 6a f9 28 0a eb 9d 67 b5 c6 0e  f._...j.(...g...
[26167.740771] aa c6 b0 c5 fb 73 35 ad b0 04 4c 29 14 25 8d 4b  .....s5...L).%.K
[26167.740777] 4a 42 20 02 99 4c e4 23 68 2a 34 41 0d ad 20 90  JB ..L.#h*4A.. .
[26167.740783] ca a7 68 2c 36 3b 3e 08 42 ad 0d 6d cf eb 4e 7d  ..h,6;>.B..m..N}
[26167.740789] dd 50 ce cd a7 e6 c6 65 6c 93 a7 77 98 60 a5 1a  .P.....el..w.`..
[26167.740795] 49 09 7a b9 5c 47 aa 0d fa 35 a9 d8 68 c2 34 93  I.z.\G...5..h.4.
[26167.740801] 34 51 2d b1 8e 89 5b 5a 00 35 0b 5a d1 81 b4 49  4Q-...[Z.5.Z...I
[26167.740806] 91 b1 98 1c 59 27 c5 10 28 90 69 8a 91 5f d7 54  ....Y'..(.i.._.T
[26167.740812] 39 8c 4d 29 c4 a4 45 36 bc 46 7a d2 cd ce 7e 2f  9.M)..E6.Fz...~/
[26167.740818] e8 47 8d 6e 94 5d 22 cb 1b 43 e1 76 45 ce 6a 55  .G.n.]"..C.vE.jU
[26167.740836] e8 47 7d 90 8f 59 44 ba 65 5b a5 de 62 99 b2 66  .G}..YD.e[..b..f
[26167.740842] d9 24 9d 6e 89 2f 0e 2d 4e 2c b4 42 9f b3 eb 12  .$.n./.-N,.B....
[26167.740848] f7 ca 4c 1c 53 7d 06 59 2b 6b 25 65 af a1 d4 c8  ..L.S}.Y+k%e....
[26167.740854] 20 98 a9 2f d7 be e4 a0 cc 3e d1 5c 1a 1d ab cc   ../.....>.\....
[26167.740860] a6 ca 5d 61 ab 98 d8 05 d5 c9 06 2c c8 5a a8 35  ..]a.......,.Z.5
[26167.740866] 00 17 52 2a 25 fb 2a c4 c6 6e d0 87 a6 a8 5a 9d  ..R*%.*..n....Z.
[26167.740872] 31 4a 43 49 10 33 88 47 96 75 5d 1d 9f 9e 5c bd  1JCI.3.G.u]...\.
[26167.740877] c3 96 9f 39 5c ea 7d 11 7b eb eb eb ea 55 92 7a  ...9\.}.{....U.z
[26167.740883] e8 ec 89 fa 5b 62 35 8f 77 01 f2 eb de 23 10 9a  ....[b5.w....#..
[26167.740888] ce 1a 3f 6f 77 48 6e f5 3d c3 a6 a6 00 07 1f 3c  ..?owHn.=......<
[26167.740894] 3a 5c 5d c8 ed 54 35 67 c0 11 ad b9 cb cc 72 c5  :\]..T5g......r.
[26167.740900] 01 a1 90 66 22 7f 02 51 c4 76 b8 05 53 47 dd 4a  ...f"..Q.v..SG.J
[26167.740906] 97 64 4b 9f ae cf cb ea e7 93 5f 44 c5 d3 d0 70  .dK......._D...p
[26167.740911] d9 05 84 c5 62 9b a8 7e 37 7e 90 e5 3f 7d 2e 0b  ....b..~7~..?}..
[26167.740917] bc 2c de 6a 47 51 af 56 2a 1d 1c 1c 2c 4d 2d 8b  .,.jGQ.V*...,M-.
[26167.740923] b6 ad c7 75 f1 16 c9 a7 fb c1 20 f4 28 c6 dd 42  ...u...... .(..B
[26167.740928] dc 0b 72 07 5d 21 1c c5 97 20 ba a7 db 40 51 27  ..r.]!... ...@Q'
[26167.740934] a2 7e 0e ea c1 88 17 3d 54 ff f8 33 e9 d2 37 7e  .~.....=T..3..7~
[26167.740940] c0 56 b1 b2 2d b0 94 70 b1 29 9d 40 6d 06 09 86  .V..-..p.).@m...
[26167.740945] 90 d7 d0 d8 5a 5d 79 f0 e8 4f da c6 4f 6b 1a 60  ....Z]y..O..Ok.`
[26167.740951] 38 d8 e2 7e d0 2d ad 77 7c 2f 2c 31 f6 16 96 1e  8..~.-.w|/,1....
[26167.740957] 7a 61 3b e8 76 a2 12 cf 4f 4c 4d 51 23 41 6a 7e  za;.v...OLMQ#Aj~
[26167.740962] 7c 6f 67 6d 64 12 2c 72 0b e3 48 00 26 6a ed f7  |ogmd.,r..H.&j..
[26167.740968] 58 dc 88 80 09 f3 70 1b 07 a5 2c 57 89 95 19 d8  X.....p...,W....
[26167.740974] 5f 16 9c d0 58 38 22 62 59 a7 4c 71 30 d1 3e ca  _...X8"bY.Lq0.>.
[26167.740979] 00 5d 39 85 ae ff 01 49 be 0f 88 82 98 e4 80 29  .]9....I.......)
[26167.740985] 31 86 82 37 7c b0 bf 0b 7d 26 cf 22 44 05 39 dc  1..7|...}&."D.9.
[26167.740991] 35 e5 64 46 35 c6 4c a5 06 8f fd b0 14 23 24 db  5.dF5.L......#$.
[26167.740996] 31 1d c7 8a a3 41 b4 e9 48 bc 12 81 d4 21 71 2b  1....A..H....!q+
[26167.741002] 34 d4 60 fa 4b a7 05 cd 1a d1 62 97 4c dd b0 4b  4.`.K.....b.L..K
[26167.741008] ba 53 b2 f4 92 63 95 0d db 71 c4 5f 5b 47 87 88  .S...c...q._[G..
[26167.741013] 7e 0d b3 52 31 97 f6 7a bb 05 b9 24 ea 99 71 85  ~..R1..z...$..q.
[26167.741019] 7f 9e 41 af 13 40 87 5f 6a 84 6a 00 66 34 40 92  ..A..@._j.j.f4@.
[26167.741025] 53 c4 99 26 42 6b d6 10 b1 42 a8 58 65 44 3f eb  S..&Bk...B.XeD?.
[26167.741031] 8c b8 cb b6 76 ff 91 6b 20 1e 1a 22 26 d0 1a e4  ....v..k .."&...
[26167.741036] fb 6c 18 5a 3f 38 10 ce 89 dd b4 3a d7 6d 86 bd  .l.Z?8.....:.m..
[26167.741042] ba 42 55 26 d1 b9 78 1e 44 84 35 31 99 b4 27 82  .BU&..x.D.51..'.
[26167.741048] f1 01 f4 91 67 1c 54 97 9a 03 df f7 a2 c8 63 11  ....g.T.......c.
[26167.741054] 29 5e ea 48 c3 0c 5d ae 5f 86 3e 8f 9a 36 0c 6a  )^.H..]._.>..6.j
[26167.741059] 79 2e e6 96 27 84 6f 38 65 00 c3 6c 4a db f5 eb  y...'.o8e..lJ...
[26167.741065] ec a2 88 19 05 ea ae e2 80 be 01 78 03 28 64 c0  ...........x.(d.
[26167.741071] 8f 63 d3 cb 22 a1 3b 82 84 67 e2 ea 27 7c bb 20  .c..".;..g..'|. 
[26167.741077] 88 49 d8 ef ed 78 94 b8 91 25 59 79 b4 a4 a9 dc  .I...x...%Yy....
[26167.741082] 31 26 4e 73 4e c8 5b d7 08 79 9a 62 6a c4 b3 7c  1&NsN.[..y.bj..|
[26167.741088] 1d 3e ec 74 9f 84 d4 d0 12 67 35 ce ab ca 19 fc  .>.t.....g5.....
[26167.741103] 62 a4 2f 1b 92 c7 e7 f9 88 20 30 83 b6 44 5a 3e  b./...... 0..DZ>
[26167.741109] 03 cf 9e 50 54 e2 9f 73 7c 3b 66 18 97 bb 8c 5c  ...PT..s|;f....\
[26167.741115] 79 0e 0f c1 51 1c 79 03 8a 13 59 20 20 ff 41 80  y...Q.y...Y  .A.
[26167.741124] 5f ce 0a a9 2a f1 ca 94 32 93 a7 82 8c d3 04 e4  _...*...2.......
[26167.741130] 49 2a 06 25 d3 73 ec 1b 70 f6 5b ec c8 c9 f8 33  I*.%.s..p.[....3
[26167.741135] e6 a6 79 11 d3 ab f3 86 55 83 d7 8a 9a a5 2f e9  ..y.....U...../.
[26167.741141] ce 92 61 6b 0b f2 a6 8c e9 24 5a f9 29 2e 05 db  ..ak.....$Z.)...
[26167.741147] 21 0f ce d8 d7 22 b4 93 30 b5 44 75 6a 34 43 d9  !...."..0.Duj4C.
[26167.741152] 33 66 af 9c dc 7f b5 ec a6 16 27 18 da b4 6c 53  3f........'...lS
[26167.741158] 29 cf da 03 22 2d c4 a9 10 a7 ef 79 4a 00 3f c1  )..."-.....yJ.?.
[26167.741164] 97 97 b8 0e aa c1 88 11 25 89 9f e1 1b ce bc 32  ........%......2
[26167.741170] 31 fa 2d ee a6 a3 40 13 7f e0 e7 e3 67 bc e7 10  1.-...@.....g...
[26167.741176] 6e 47 7e 4a 39 de ae 59 95 eb 39 fe e9 34 c7 db  nG~J9..Y..9..4..
[26167.741181] 49 7e c8 ab 61 89 eb f3 96 35 d3 d1 b6 63 2d cf  I~..a....5...c-.
[26167.741187] 70 f4 0a 81 32 79 6c 05 94 58 5f a7 92 5a 60 fc  p...2yl..X_..Z`.
[26167.741193] 8d 6e af b2 30 07 4d e5 ee 38 85 67 46 68 c3 60  .n..0.M..8.gFh.`
[26167.741198] 2f de 30 df 33 96 79 0e 27 bd c1 2f 0e 0e 78 e0  /.0.3.y.'../..x.
[26167.741204] 27 ec 19 f1 4b 76 8c ce e1 bd 97 df f3 38 bc c5  '...Kv.......8..
[26167.741210] 66 e0 a5 94 a5 7e 1b 5f 64 f6 c4 71 b0 27 66 75  f....~._d..q.'fu
[26167.741216] e2 30 28 a9 3d 95 bf be 32 7e 51 d9 66 b8 f5 16  .0(.=...2~Q.f...
[26167.741222] f3 04 71 ee d3 5b 14 c1 a4 2d bc 42 71 bb c0 df  ..q..[...-.Bq...
[26167.741227] cf e4 b9 11 d9 78 ed 06 f2 ff f0 f1 f2 ff f0 f1  .....x..........
[26167.741233] f2 ff f0 f1 f2 ff f0 f1 f2 ff f0 f1 f2 ff f0 f1  ................
[26167.741239] f2 ff f0 f1 f2 ff e1 0d 00 00 e1 0d 00 00 f2 00  ................
[26167.741245] 00 00 18 00 00 00 17 01 00 00 03 00 00 00 06 14  ................
[26167.741251] 00 00 14 00 00 00 00 5b c3 0a 18 00 00 00 f6 00  .......[........
[26167.741256] 00 00 02 00 00 00 06 14 00 00 14 00 00 00 f8 5a  ...............Z
[26167.741262] c3 0a 07 00 00 00 c0 84 00 00 3c 3f 03 3e 31 c9  ..........<?.>1.
[26167.741268] 09 3d 00 c0 36 44 00 00 1f 43 00 00 00 00 c0 84  .=..6D...C......
[26167.741274] 00 00 3c 3f 03 3e 6e fe 6d 3d 00 c0 36 44 00 00  ..<?.>n.m=..6D..
[26167.741280] 2f 43 00 00 00 00 c0 84 00 00 1b 1f 19 3e 6e fe  /C...........>n.
[26167.741285] 6d 3d 00 c0 3a 44 00 00 2f 43 00 00 00 00 c0 84  m=..:D../C......
[26167.741291] 00 00 1b 1f 19 3e 31 c9 09 3d 00 c0 3a 44 00 00  .....>1..=..:D..
[26167.741296] 1f 43 00 00 00 00 ef be ad de e1 0d 00 00 00 00  .C..............
[26167.741302] 00 00 e1 0d 00 00 10 00 00 00 00 23 00 00 00 22  ...........#..."
[26167.741308] 00 00 01 1e 00 00 10 00 00 00 00 23 00 00 00 22  ...........#..."
[26167.741313] 00 00 01 1e 00 00 10 00 00 00 00 23 00 00 00 22  ...........#..."
[26167.741319] 00 00 01 1e 00 00 10 00 00 00 00 23 00 00 00 22  ...........#..."
[26167.741325] 00 00 01 1e 00 00 10 00 00 00 00 23 00 00 00 22  ...........#..."
[26167.741330] 00 00 01 1e 00 00 10 00 00 00 00 23 00 00 00 22  ...........#..."
[26167.741336] 00 00 01 1e 00 00 10 00 00 00 00 23 00 00 00 22  ...........#..."
[26167.741342] 00 00 01 1e 00 00 10 00 00 00 00 23 00 00 00 22  ...........#..."
[26167.741347] 00 00 01 1e 00 00 10 00 00 00 00 23 00 00 00 22  ...........#..."
[26167.741353] 00 00 01 1e 00 00 10 00 00 00 00 23 00 00 00 22  ...........#..."
[26167.741359] 00 00 01 1e 00 00 10 00 00 00 00 23 00 00        ...........#..
[26167.741365] DEBUG_INPUT: handle_tcp_conn_chain: Called.
[26167.741371] DEBUG_INPUT: handle_tcp_conn_chain: conn_node found: eb600000.
[26167.741382] DEBUG_INFO: validate_conn_state: called: syn = 0 ack = 1 fin = 0 state: conn established.
[26167.741388] DEBUG_INFO: add_to_tcp_chain: called
[26167.741393] handle_tcp_conn_chain: reason: -4 no matching rule action 1.
[26167.741492] DEBUG_INFO: firewall_rx: packet process time: 800940 nano.
[26167.741522] DEBUG_INFO: firewall_rx: Received: 10.0.0.6 -> 81.218.31.155 from dev: (null)
[26167.741527] DEBUG_INFO: firewall_rx: TCP src_port: 51134 dst_port: 80 syn: 0 ack: 1
[26167.741532] len: 16
[26167.741536] firewall_rx: data addrs data: ee565730 sk: ee72f240
[26167.741541] 00 00 00 00 00 00 00 00 00 00 00 00 00 00 00 00  ................
[26167.741546] DEBUG_INPUT: handle_tcp_conn_chain: Called.
[26167.741551] DEBUG_INPUT: handle_tcp_conn_chain: conn_node found: eb600000.
[26167.741561] DEBUG_INFO: validate_conn_state: called: syn = 0 ack = 1 fin = 0 state: conn established.
[26167.741566] DEBUG_INFO: add_to_tcp_chain: called
[26167.741571] handle_tcp_conn_chain: reason: -4 no matching rule action 1.
[26167.741579] DEBUG_INFO: firewall_rx: packet process time: 58666 nano.
[26167.768857] DEBUG_INFO: firewall_rx: Received: 81.218.31.155 -> 10.0.0.6 from dev: eth0
[26167.768866] DEBUG_INFO: firewall_rx: TCP src_port: 80 dst_port: 51134 syn: 0 ack: 1
[26167.768872] len: 190
[26167.768878] firewall_rx: data addrs data: ee565082 sk: ec4c13c0
[26167.768885] 00 00 00 00 00 00 00 00 00 00 00 00 00 00 20 ef  .............. .
[26167.768892] 4c f6 01 00 00 00 00 00 00 00 00 00 00 00 00 00  L...............
[26167.768898] 00 00 00 00 00 00 20 ef 4c f6 01 00 00 00 00 00  ...... .L.......
[26167.768904] 00 00 00 00 00 00 00 00 00 00 00 00 00 00 20 ef  .............. .
[26167.768910] 4c f6 01 00 00 00 00 00 00 00 00 00 00 00 00 00  L...............
[26167.768917] 00 00 00 00 00 00 20 ef 4c f6 01 00 00 00 00 00  ...... .L.......
[26167.768923] 00 00 00 00 00 00 00 00 00 00 00 00 c8 be 19 0c  ................
[26167.768930] 4e 48 08 00 27 22 6e 03 08 00 45 00 00 34 a3 1d  NH..'"n...E..4..
[26167.768936] 40 00 40 06 1c 2c 0a 00 00 06 51 da 1f 9b c7 be  @.@..,....Q.....
[26167.768942] 00 50 1e af 1f c0 d6 46 d5 55 80 10 17 0b 7b a1  .P.....F.U....{.
[26167.768949] 00 00 01 01 08 0a 00 62 ad 6a 0e 4c 57 15 00 00  .......b.j.LW...
[26167.768955] 00 00 00 00 00 00 20 ef 4c f6 01 00 00 00        ...... .L.....
[26167.768961] DEBUG_INPUT: handle_tcp_conn_chain: Called.
[26167.768968] DEBUG_INPUT: handle_tcp_conn_chain: conn_node found: eb600000.
[26167.768981] DEBUG_INFO: validate_conn_state: called: syn = 0 ack = 1 fin = 0 state: conn established.
[26167.768988] DEBUG_INFO: add_to_tcp_chain: called
[26167.768995] handle_tcp_conn_chain: reason: -4 no matching rule action 1.
[26167.769005] DEBUG_INFO: firewall_rx: packet process time: 152254 nano.
[26167.769328] DEBUG_INFO: firewall_rx: Received: 81.218.31.155 -> 10.0.0.6 from dev: eth0
[26167.769335] DEBUG_INFO: firewall_rx: TCP src_port: 80 dst_port: 51134 syn: 0 ack: 1
[26167.769341] len: 1726
[26167.769347] firewall_rx: data addrs data: edf41882 sk: edd92600
[26167.769353] 48 54 54 50 2f 31 2e 31 20 33 30 34 20 4e 6f 74  HTTP/1.1 304 Not
[26167.769359] 20 4d 6f 64 69 66 69 65 64 0d 0a 43 6f 6e 74 65   Modified..Conte
[26167.769365] 6e 74 2d 54 79 70 65 3a 20 61 70 70 6c 69 63 61  nt-Type: applica
[26167.769371] 74 69 6f 6e 2f 78 2d 6a 61 76 61 73 63 72 69 70  tion/x-javascrip
[26167.769377] 74 0d 0a 4c 61 73 74 2d 4d 6f 64 69 66 69 65 64  t..Last-Modified
[26167.769383] 3a 20 4d 6f 6e 2c 20 30 35 20 4d 61 79 20 32 30  : Mon, 05 May 20
[26167.769389] 31 34 20 30 36 3a 34 36 3a 33 35 20 47 4d 54 0d  14 06:46:35 GMT.
[26167.769395] 0a 45 54 61 67 3a 20 22 32 30 37 61 66 33 63 31  .ETag: "207af3c1
[26167.769401] 32 64 36 38 63 66 31 3a 65 31 33 22 0d 0a 43 61  2d68cf1:e13"..Ca
[26167.769407] 63 68 65 2d 43 6f 6e 74 72 6f 6c 3a 20 6d 61 78  che-Control: max
[26167.769414] 2d 61 67 65 3d 33 31 0d 0a 45 78 70 69 72 65 73  -age=31..Expires
[26167.769449] 3a 20 46 72 69 2c 20 33 30 20 4d 61 79 20 32 30  : Fri, 30 May 20
[26167.769455] 31 34 20 31 36 3a 33 37 3a 33 35 20 47 4d 54 0d  14 16:37:35 GMT.
[26167.769462] 0a 44 61 74 65 3a 20 46 72 69 2c 20 33 30 20 4d  .Date: Fri, 30 M
[26167.769467] 61 79 20 32 30 31 34 20 31 36 3a 33 37 3a 30 34  ay 2014 16:37:04
[26167.769500] 20 47 4d 54 0d 0a 43 6f 6e 6e 65 63 74 69 6f 6e   GMT..Connection
[26167.769505] 3a 20 6b 65 65 70 2d 61 6c 69 76 65 0d 0a 0d 0a  : keep-alive....
[26167.769510] 82 f9 60 d7 60 ee 00 04 00 00 00 00 00 00 b4 19  ..`.`...........
[26167.769514] f4 ed 5c 9a 0c 28 6d 01 00 00 44 ae bb f7 fc 32  ..\..(m...D....2
[26167.769519] 45 e7 e0 19 f4 ed a4 af 04 c1 f2 d0 3f 9a 6d 01  E...........?.m.
[26167.769523] 00 00 00 ae bb f7 08 00 00 00 00 10 60 ee 01 00  ............`...
[26167.769528] 00 00 e0 19 f4 ed 00 00 00 00 01 00 00 00 fc 32  ...............2
[26167.769532] 45 e7 00 1a f4 ed f4 2b 2b c1 00 00 00 00 01 00  E......++.......
[26167.769537] 00 00 f4 32 45 e7 44 ae bb f7 30 f2 81 eb 00 00  ...2E.D...0.....
[26167.769541] 00 00 2c 1a f4 ed f9 0c 01 c1 35 44 04 c1 01 00  ..,.......5D....
[26167.769546] 00 00 38 f5 81 eb 00 00 00 00 34 1a f4 ed c1 9f  ..8.......4.....
[26167.769550] 04 c1 00 00 00 00 c7 22 b5 ac 00 66 c3 ee 00 00  ......."...f....
[26167.769555] 00 00 b8 1a f4 ed f9 60 5a c1 e0 1a f4 ed 70 69  .......`Z.....pi
[26167.769577] bb f7 60 1a f4 ed 20 b0 80 c1 00 1e 93 c1 00 1e  ..`... .........
[26167.769582] 93 c1 be 5a 0a 28 79 15 00 00 f8 7e be f2 00 00  ...Z.(y....~....
[26167.769587] 00 00 e0 1a f4 ed 7c 69 bb f7 82 00 20 00 3d 00  ......|i.... .=.
[26167.769592] 40 80 84 23 40 f7 40 05 e0 ee cc 1a f4 ed 96 02  @..#@.@.........
[26167.769596] 20 00 3d 00 40 80 00 00 00 00 40 00 40 80 17 46   .=.@.....@.@..F
[26167.769601] 1f c1 50 80 00 00 80 23 40 f7 96 02 20 00 01 00  ..P....#@... ...
[26167.769606] 00 00 96 02 00 00 e0 1a f4 ed 40 00 40 80 7a 15  ..........@.@.z.
[26167.769610] 00 00 c0 1a f4 ed 99 e0 07 c1 c8 1a f4 ed 00 00  ................
[26167.769615] 00 00 00 00 00 00 40 05 e0 ee 08 1b f4 ed 79 46  ......@.......yF
[26167.769619] 13 c1 68 56 be f7 80 27 bd f7 e4 1a f4 ed 00 00  ..hV...'........
[26167.769624] 00 00 d9 63 22 00 17 46 1f c1 40 00 00 00 50 80  ...c"..F..@...P.
[26167.769629] 00 00 38 00 00 00 a8 7f 06 00 00 00 00 00 01 00  ..8.............
[26167.769633] 00 00 0c 1b f4 ed ad 80 5a c1 40 1b f4 ed 7d 14  ........Z.@...}.
[26167.769638] 1f c1 48 4b c2 f2 20 1b f4 ed ad 80 5a c1 88 1b  ..HK.. .....Z...
[26167.769643] f4 ed 40 1b f4 ed e7 d3 03 c1 00 f0 ff ff 28 00  ..@...........(.
[26167.769647] 00 00 00 10 00 00 48 1b f4 ed c8 d2 03 c1 00 00  ......H.........
[26167.769652] 00 00 40 1d 5b f5 70 1b f4 ed 78 d8 0f c1 da 80  ..@.[.p...x.....
[26167.769656] 02 00 00 00 00 00 20 1d 5b f5 01 00 00 00 01 00  ...... .[.......
[26167.769661] 00 00 bc 79 bd f7 20 1d 5b f5 cc 79 bd f7 d0 1b  ...y.. .[..y....
[26167.769681] f4 ed 7d da 0f c1 02 00 00 00 41 00 00 00 00 00  ..}.......A.....
[26167.769687] 00 00 ff ff ff ff 02 00 00 00 a8 1b f4 ed a4 ba  ................
[26167.769692] 86 c1 00 00 00 00 00 00 00 00 40 00 00 00 00 00  ..........@.....
[26167.769696] 00 00 04 c1 86 c1 01 00 00 00 da 80 02 00 00 00  ................
[26167.769701] 00 00 00 00 00 00 80 ba 86 c1 46 02 20 00 80 ba  ..........F. ...
[26167.769705] 86 c1 da 80 02 00 70 73 4d ec da 80 02 00 78 1c  ......psM.....x.
[26167.769710] f4 ed 32 dd 0f c1 00 c1 86 c1 03 00 00 00 41 00  ..2...........A.
[26167.769715] 00 00 80 ba 86 c1 02 00 00 00 ff ff ff ff 02 00  ................
[26167.769719] 00 00 80 ba 86 c1 a4 ba 86 c1 00 00 00 00 00 00  ................
[26167.769724] 00 00 40 00 00 00 00 00 00 00 04 c1 86 c1 00 00  ..@.............
[26167.769728] 00 00 90 cd a0 f3 00 46 40 f7 20 1d 5b f5 38 1c  .......F@. .[.8.
[26167.769734] f4 ed 73 d4 13 c1 80 ba 86 01 20 1d 5b f5 00 00  ..s....... .[...
[26167.769738] 00 00 01 00 00 00 64 1c f4 ed 83 f4 13 c1 80 ba  ......d.........
[26167.769743] 86 c1 01 00 00 00 01 1d 5b f5 20 1d 5b f5 20 1d  ........[. .[. .
[26167.769747] 5b f5 70 73 4d ec 60 1c f4 ed 2a 15 10 c1 78 1c  [.psM.`...*...x.
[26167.769752] f4 ed 7c 01 12 c1 78 1c f4 ed c8 d2 03 c1 00 00  ..|...x.........
[26167.769757] 00 00 9c 90 4c f6 b0 1c f4 ed db 4b 11 c1 67 90  ....L......K..g.
[26167.769762] 4e a0 00 00 00 80 00 80 1a f4 9c 90 4c f6 00 00  N...........L...
[26167.769766] 00 80 67 90 4e a0 00 2a e5 ed 00 02 02 00 00 00  ..g.N..*........
[26167.769771] 00 00 40 15 78 f4 01 00 00 00 01 00 00 00 7c 79  ..@.x.........|y
[26167.769776] bd f7 40 15 78 f4 7c 79 bd f7 1c 1d f4 ed 7d da  ..@.x.|y......}.
[26167.769781] 0f c1 01 00 00 00 41 00 00 00 00 00 00 00 ff ff  ......A.........
[26167.769785] ff ff 01 00 00 00 00 00 00 00 64 b7 86 c1 00 00  ..........d.....
[26167.769790] 00 00 00 00 00 00 40 00 00 00 00 00 00 00 0c c1  ......@.........
[26167.769795] 86 c1 01 00 00 00 00 02 02 00 00 00 00 00 00 00  ................
[26167.769799] 00 00 40 b7 86 c1 46 02 20 00 40 b7 86 c1 00 02  ..@...F. .@.....
[26167.769804] 02 00 07 00 00 00 00 02 00 00 c4 1d f4 ed 32 dd  ..............2.
[26167.769809] 0f c1 00 c1 86 c1 01 00 00 00 00 04 00 00 20 4c  .............. L
[26167.769813] 8a eb 00 04 60 ee 98 1d f4 ed 64 39 04 c1 a6 13  ....`.....d9....
[26167.769818] 00 00 f7 01 00 00 00 00 00 00 74 1e cc c7 bf 2b  ..........t....+
[26167.769823] 00 00 00 00 00 00 c0 26 bd f7 50 39 40 f7 70 1d  .......&..P9@.p.
[26167.769827] f4 ed 38 d0 2a c1 00 00 00 00 00 00 00 00 58 1e  ..8.*.........X.
[26167.769832] f4 ed 4e e5 04 c1 ff ff ff ff 8c 1e f4 ed 18 03  ..N.............
[26167.769836] 00 00 00 74 bd 00 00 00 00 00 02 00 00 00 00 eb  ...t............
[26167.769841] 40 f7 00 00 00 00 00 00 00 00 00 00 00 00 60 39  @.............`9
[26167.769846] 40 f7 00 00 00 00 00 b4 bb f7 50 39 40 f7 00 00  @.........P9@...
[26167.769850] 00 00 00 00 00 00 00 00 00 00 00 1e 93 c1 c8 1d  ................
[26167.769855] f4 ed 28 1e f4 ed 00 00 00 00 60 39 40 f7 18 03  ..(.......`9@...
[26167.769859] 00 00 fc 0f 00 00 00 00 00 00 00 00 00 00 00 00  ................
[26167.769864] 00 00 00 00 00 00 01 00 00 00 00 00 00 00 00 00  ................
[26167.769868] 00 00 00 00 00 00 00 00 00 00 00 00 00 00 00 00  ................
[26167.769873] 00 00 00 00 00 00 00 00 00 00 00 00 00 00 00 00  ................
[26167.769878] 00 00 00 00 00 00 00 00 00 00 00 00 00 00 00 00  ................
[26167.769882] 00 00 00 00 00 00 00 00 00 00 00 00 00 00 00 00  ................
[26167.769893] 00 00 00 00 00 00 01 00 00 00 01 00 00 00 01 00  ................
[26167.769898] 00 00 00 00 00 00 01 00 00 00 00 eb 40 f7 00 eb  ............@...
[26167.769902] 40 f7 02 00 00 00 9c 1e f4 ed 5e 37 05 c1 02 00  @.........^7....
[26167.769907] 00 00 c0 26 bd f7 b4 1e f4 ed 00 7c ce ee 9c 1e  ...&.......|....
[26167.769912] f4 ed c0 26 bd f7 02 00 00 00 00 6e bd f7 02 00  ...&.......n....
[26167.769916] 00 00 92 00 20 00 00 00 00 00 00 00 00 00 00 eb  .... ...........
[26167.769921] 40 f7 9c 1e f4 ed ad 80 5a c1 c4 1e f4 ed 94 99  @.......Z.......
[26167.769926] 8f eb 00 00 00 00 00 6e bd f7 a0 54 5b c1 00 00  .......n...T[...
[26167.769931] 00 00 c4 1e f4 ed f4 9b 8f eb 00 55 5b c1 00 00  ...........U[...
[26167.769935] 00 00 48 1f f4 ed 46 00 20 00 00 00 00 00 00 00  ..H...F. .......
[26167.769940] 00 00 00 00 00 00 20 cc 4a f7 00 1e 93 c1 00 1e  ...... .J.......
[26167.769944] 93 c1 fc e3 c6 26 7e 15 00 00 00 6e bd f7 60 99  .....&~....n..`.
[26167.769949] 8f eb 20 cc 4a f7 f8 1e f4 ed f8 1e f4 ed 60 99  .. .J.........`.
[26167.769954] 8f eb 60 99 8f eb 60 99 8f eb 40 1f f4 ed 3b e2  ..`...`...@...;.
[26167.769958] 05 c1 51 b1 0e c1 7c 9b 8f eb 08 00 00 00 50 1f  ..Q...|.......P.
[26167.769962] f4 ed 38 1f f4 ed dd f1 07 c1 60 99 8f eb 01 00  ..8.......`.....
[26167.769967] 00 00 60 99 8f eb 00 00 00 00 60 99 8f eb        ..`.......`...
[26167.769972] DEBUG_INPUT: handle_tcp_conn_chain: Called.
[26167.769976] DEBUG_INPUT: handle_tcp_conn_chain: conn_node found: eb600000.
[26167.769986] DEBUG_INFO: validate_conn_state: called: syn = 0 ack = 1 fin = 0 state: conn established.
[26167.769991] DEBUG_INFO: add_to_tcp_chain: called
[26167.769995] handle_tcp_conn_chain: reason: -4 no matching rule action 1.
[26167.770004] DEBUG_INFO: firewall_rx: packet process time: 678298 nano.
[26167.770028] DEBUG_INFO: firewall_rx: Received: 10.0.0.6 -> 81.218.31.155 from dev: (null)
[26167.770033] DEBUG_INFO: firewall_rx: TCP src_port: 51134 dst_port: 80 syn: 0 ack: 1
[26167.770038] len: 16
[26167.770042] firewall_rx: data addrs data: ee565130 sk: ec4c1600
[26167.770047] 00 00 00 00 00 00 00 00 20 ef 4c f6 01 00 00 00  ........ .L.....
[26167.770052] DEBUG_INPUT: handle_tcp_conn_chain: Called.
[26167.770057] DEBUG_INPUT: handle_tcp_conn_chain: conn_node found: eb600000.
[26167.770066] DEBUG_INFO: validate_conn_state: called: syn = 0 ack = 1 fin = 0 state: conn established.
[26167.770070] DEBUG_INFO: add_to_tcp_chain: called
[26167.770075] handle_tcp_conn_chain: reason: -4 no matching rule action 1.
[26167.770083] DEBUG_INFO: firewall_rx: packet process time: 55873 nano.
[26167.770265] DEBUG_INFO: firewall_rx: Received: 81.218.31.155 -> 10.0.0.6 from dev: eth0
[26167.770272] DEBUG_INFO: firewall_rx: TCP src_port: 80 dst_port: 51134 syn: 0 ack: 1
[26167.770278] len: 190
[26167.770284] firewall_rx: data addrs data: ee565082 sk: ec4c1600
[26167.770290] 00 00 00 00 00 00 00 00 00 00 00 00 00 00 20 ef  .............. .
[26167.770296] 4c f6 01 00 00 00 00 00 00 00 00 00 00 00 00 00  L...............
[26167.770302] 00 00 00 00 00 00 20 ef 4c f6 01 00 00 00 00 00  ...... .L.......
[26167.770309] 00 00 00 00 00 00 00 00 00 00 00 00 00 00 20 ef  .............. .
[26167.770315] 4c f6 01 00 00 00 00 00 00 00 00 00 00 00 00 00  L...............
[26167.770321] 00 00 00 00 00 00 20 ef 4c f6 01 00 00 00 00 00  ...... .L.......
[26167.770326] 00 00 00 00 00 00 00 00 00 00 00 00 c8 be 19 0c  ................
[26167.770332] 4e 48 08 00 27 22 6e 03 08 00 45 00 00 34 a3 25  NH..'"n...E..4.%
[26167.770339] 40 00 40 06 1c 24 0a 00 00 06 51 da 1f 9b c7 be  @.@..$....Q.....
[26167.770345] 00 50 1e af 28 1c d6 47 39 44 80 10 18 0a 7b a1  .P..(..G9D....{.
[26167.770351] 00 00 01 01 08 0a 00 62 ad 7e 0e 4c 57 74 00 00  .......b.~.LWt..
[26167.770357] 00 00 00 00 00 00 20 ef 4c f6 01 00 00 00        ...... .L.....
[26167.770364] DEBUG_INPUT: handle_tcp_conn_chain: Called.
[26167.770370] DEBUG_INPUT: handle_tcp_conn_chain: conn_node found: eb600000.
[26167.770382] DEBUG_INFO: validate_conn_state: called: syn = 0 ack = 1 fin = 1 state: conn closing.
[26167.770388] DEBUG_INFO: add_to_tcp_chain: called
[26167.770393] handle_tcp_conn_chain: reason: -4 no matching rule action 1.
[26167.770403] DEBUG_INFO: firewall_rx: packet process time: 139683 nano.
[26167.771303] DEBUG_INFO: firewall_rx: Received: 10.0.0.6 -> 81.218.31.155 from dev: (null)
[26167.771309] DEBUG_INFO: firewall_rx: TCP src_port: 51134 dst_port: 80 syn: 0 ack: 1
[26167.771314] len: 16
[26167.771318] firewall_rx: data addrs data: ee5b8b30 sk: edfec280
[26167.771323] d4 ca 41 03 1f 00 00 00 f1 9f ad bf 0f 00 00 00  ..A.............
[26167.771328] DEBUG_INPUT: handle_tcp_conn_chain: Called.
[26167.771332] DEBUG_INPUT: handle_tcp_conn_chain: conn_node found: eb600000.
[26167.771341] DEBUG_INFO: validate_conn_state: called: syn = 0 ack = 1 fin = 1 state: conn closing.
[26167.771346] DEBUG_INFO: add_to_tcp_chain: called
[26167.771351] handle_tcp_conn_chain: reason: -4 no matching rule action 1.
[26167.771359] DEBUG_INFO: firewall_rx: packet process time: 57829 nano.
[26167.793174] DEBUG_INFO: firewall_rx: Received: 81.218.31.155 -> 10.0.0.6 from dev: eth0
[26167.793182] DEBUG_INFO: firewall_rx: TCP src_port: 80 dst_port: 51134 syn: 0 ack: 1
[26167.793189] len: 190
[26167.793195] firewall_rx: data addrs data: ee565e82 sk: ec4c1e40
[26167.793202] a0 b2 48 60 7c b7 d0 7d 7c b7 84 c7 95 b7 00 00  ..H`|..}|.......
[26167.793208] bb b8 00 60 b5 b9 c0 50 b1 bf 60 69 b1 bf 99 69  ...`...P..`i...i
[26167.793215] b1 bf 99 69 b1 bf d1 6f b1 bf 20 00 00 00 14 a4  ...i...o.. .....
[26167.793221] 9e b2 21 00 00 00 00 a0 9e b2 10 00 00 00 ff fb  ..!.............
[26167.793227] 8b 17 06 00 00 00 00 10 00 00 11 00 00 00 64 00  ..............d.
[26167.793234] 00 00 03 00 00 00 34 d0 a0 b2 04 00 00 00 20 00  ......4....... .
[26167.793240] 00 00 05 00 00 00 0a 00 00 00 07 00 c8 be 19 0c  ................
[26167.793247] 4e 48 08 00 27 22 6e 03 08 00 45 00 00 34 a3 1c  NH..'"n...E..4..
[26167.793253] 40 00 40 06 1c 2d 0a 00 00 06 51 da 1f 9b c7 be  @.@..-....Q.....
[26167.793260] 00 50 1e af 1f c0 d6 46 d0 11 80 10 16 56 7b a1  .P.....F.....V{.
[26167.793266] 00 00 01 01 08 0a 00 62 ad 69 0e 4c 57 10 2b 52  .......b.i.LW.+R
[26167.793273] b1 bf 1f 00 00 00 d1 6f b1 bf 0f 00 00 00        .......o......
[26167.793279] DEBUG_INPUT: handle_tcp_conn_chain: Called.
[26167.793286] DEBUG_INPUT: handle_tcp_conn_chain: conn_node found: eb600000.
[26167.793298] DEBUG_INFO: validate_conn_state: called: syn = 0 ack = 1 fin = 0 state: conn closing.
[26167.793304] DEBUG_INFO: add_to_tcp_chain: called
[26167.793310] handle_tcp_conn_chain: reason: -4 no matching rule action 1.
[26167.793321] DEBUG_INFO: firewall_rx: packet process time: 150857 nano.
[26168.472917] DEBUG_INFO: firewall_rx: Received: 10.0.0.6 -> 81.218.31.155 from dev: (null)
[26168.472927] DEBUG_INFO: firewall_rx: TCP src_port: 51135 dst_port: 80 syn: 1 ack: 0
[26168.472934] len: 16
[26168.472940] firewall_rx: data addrs data: f2bc4130 sk: f2b4ca80
[26168.472948] 1b dd 83 bf 1f 00 00 00 f4 ef 83 bf 0f 00 00 00  ................
[26168.472954] DEBUG_INFO: enforce_rule_base: called
[26168.472960] DEBUG_INPUT: handle_tcp_conn_chain: Called.
[26168.472969] warn_alloc_failed: 37 callbacks suppressed
[26168.472975] swapper/2: page allocation failure: order:8, mode:0x4020
[26168.472981] Pid: 0, comm: swapper/2 Tainted: G           O 3.2.0-37-generic-pae #58-Ubuntu
[26168.472987] Call Trace:
[26168.472998]  [<c15922ab>] ? printk+0x2d/0x2f
[26168.473008]  [<c10fb46f>] warn_alloc_failed+0xbf/0x100
[26168.473024]  [<c10fe14f>] __alloc_pages_nodemask+0x56f/0x740
[26168.473042]  [<c10fe39c>] __get_free_pages+0x1c/0x30
[26168.473058]  [<c11338c7>] kmalloc_order_trace+0x27/0xa0
[26168.473077]  [<fb36f88e>] conn_node_create+0x2e/0x80 [fw5]
[26168.473092]  [<fb372508>] ? hash_table_contains+0x38/0x50 [fw5]
[26168.473104]  [<fb36fd20>] handle_tcp_conn_chain+0xa0/0x430 [fw5]
[26168.473124]  [<c10841c5>] ? getnstimeofday+0x55/0x120
[26168.473135]  [<fb36eaac>] firewall_rx+0x62c/0x920 [fw5]
[26168.473144]  [<c1054130>] ? try_to_wake_up+0x190/0x190
[26168.473153]  [<c103ff67>] ? __wake_up_common+0x47/0x70
[26168.473163]  [<c14dd340>] ? ip_forward_options+0x1d0/0x1d0
[26168.473175]  [<c14d3a03>] nf_iterate+0x63/0x90
[26168.473182]  [<c14dd340>] ? ip_forward_options+0x1d0/0x1d0
[26168.473189]  [<c14d3a92>] nf_hook_slow+0x62/0x110
[26168.473196]  [<c14dd340>] ? ip_forward_options+0x1d0/0x1d0
[26168.473205]  [<c14dee91>] __ip_local_out+0xa1/0xb0
[26168.473212]  [<c14dd340>] ? ip_forward_options+0x1d0/0x1d0
[26168.473218]  [<c14deeb0>] ip_local_out+0x10/0x30
[26168.473225]  [<c14defee>] ip_queue_xmit+0x11e/0x3c0
[26168.473233]  [<c14f77cf>] ? tcp_v4_md5_lookup+0xf/0x20
[26168.473242]  [<c15a5636>] ? tcp_syn_options+0xab/0x1b2
[26168.473249]  [<c14f4de7>] tcp_transmit_skb+0x2d7/0x4a0
[26168.473256]  [<c14f5c15>] tcp_retransmit_skb+0x165/0x2b0
[26168.473263]  [<c14f7437>] tcp_retransmit_timer+0x1e7/0x3e0
[26168.473271]  [<c1041f8c>] ? update_cfs_load+0x2ac/0x2d0
[26168.473278]  [<c14f76f7>] tcp_write_timer+0xc7/0xf0
[26168.473288]  [<c1067eff>] call_timer_fn+0x2f/0x110
[26168.473296]  [<c104a8f8>] ? update_shares+0xa8/0xd0
[26168.473303]  [<c14f7630>] ? tcp_retransmit_timer+0x3e0/0x3e0
[26168.473310]  [<c10695fb>] run_timer_softirq+0xeb/0x210
[26168.473318]  [<c10c4cc3>] ? rcu_check_quiescent_state+0x23/0xa0
[26168.473325]  [<c14f7630>] ? tcp_retransmit_timer+0x3e0/0x3e0
[26168.473332]  [<c1061490>] ? local_bh_enable_ip+0x90/0x90
[26168.473339]  [<c1061511>] __do_softirq+0x81/0x1a0
[26168.473346]  [<c1061490>] ? local_bh_enable_ip+0x90/0x90
[26168.473351]  <IRQ>  [<c1061856>] ? irq_exit+0x76/0xa0
[26168.473363]  [<c15afd69>] ? smp_apic_timer_interrupt+0x59/0x88
[26168.473372]  [<c15a8909>] ? apic_timer_interrupt+0x31/0x38
[26168.473381]  [<c1035d2a>] ? native_safe_halt+0xa/0x10
[26168.473389]  [<c1018b6a>] ? default_idle+0x4a/0x190
[26168.473397]  [<c10107d8>] ? cpu_idle+0xa8/0xe0
[26168.473406]  [<c158b3ab>] ? start_secondary+0xe8/0xed
[26168.473412] Mem-Info:
[26168.473417] DMA per-cpu:
[26168.473422] CPU    0: hi:    0, btch:   1 usd:   0
[26168.473428] CPU    1: hi:    0, btch:   1 usd:   0
[26168.473434] CPU    2: hi:    0, btch:   1 usd:   0
[26168.473439] CPU    3: hi:    0, btch:   1 usd:   0
[26168.473444] Normal per-cpu:
[26168.473448] CPU    0: hi:  186, btch:  31 usd: 119
[26168.473454] CPU    1: hi:  186, btch:  31 usd: 132
[26168.473459] CPU    2: hi:  186, btch:  31 usd: 157
[26168.473464] CPU    3: hi:  186, btch:  31 usd: 136
[26168.473468] HighMem per-cpu:
[26168.473473] CPU    0: hi:  186, btch:  31 usd: 161
[26168.473478] CPU    1: hi:  186, btch:  31 usd: 157
[26168.473484] CPU    2: hi:  186, btch:  31 usd: 163
[26168.473489] CPU    3: hi:  186, btch:  31 usd: 172
[26168.473497] active_anon:165588 inactive_anon:2594 isolated_anon:0
[26168.473501]  active_file:31565 inactive_file:97111 isolated_file:0
[26168.473505]  unevictable:0 dirty:645 writeback:0 unstable:0
[26168.473509]  free:508607 slab_reclaimable:3930 slab_unreclaimable:4652
[26168.473512]  mapped:34058 shmem:2961 pagetables:2274 bounce:0
[26168.473522] DMA free:4464kB min:784kB low:980kB high:1176kB active_anon:0kB inactive_anon:0kB active_file:0kB inactive_file:0kB unevictable:0kB isolated(anon):0kB isolated(file):0kB present:15804kB mlocked:0kB dirty:0kB writeback:0kB mapped:0kB shmem:0kB slab_reclaimable:0kB slab_unreclaimable:160kB kernel_stack:16kB pagetables:0kB unstable:0kB bounce:0kB writeback_tmp:0kB pages_scanned:0 all_unreclaimable? yes
[26168.473531] lowmem_reserve[]: 0 869 3948 3948
[26168.473542] Normal free:48740kB min:44216kB low:55268kB high:66324kB active_anon:0kB inactive_anon:0kB active_file:144kB inactive_file:232kB unevictable:0kB isolated(anon):0kB isolated(file):0kB present:890008kB mlocked:0kB dirty:0kB writeback:0kB mapped:4kB shmem:0kB slab_reclaimable:15720kB slab_unreclaimable:18448kB kernel_stack:3896kB pagetables:0kB unstable:0kB bounce:0kB writeback_tmp:0kB pages_scanned:4 all_unreclaimable? no
[26168.473551] lowmem_reserve[]: 0 0 24637 24637
[26168.473562] HighMem free:1981224kB min:512kB low:39680kB high:78852kB active_anon:662352kB inactive_anon:10376kB active_file:126116kB inactive_file:388212kB unevictable:0kB isolated(anon):0kB isolated(file):0kB present:3153572kB mlocked:0kB dirty:2580kB writeback:0kB mapped:136228kB shmem:11844kB slab_reclaimable:0kB slab_unreclaimable:0kB kernel_stack:0kB pagetables:9096kB unstable:0kB bounce:0kB writeback_tmp:0kB pages_scanned:0 all_unreclaimable? no
[26168.473570] lowmem_reserve[]: 0 0 0 0
[26168.473577] DMA: 12*4kB 12*8kB 6*16kB 4*32kB 4*64kB 2*128kB 2*256kB 0*512kB 1*1024kB 1*2048kB 0*4096kB = 4464kB
[26168.473590] Normal: 477*4kB 390*8kB 376*16kB 174*32kB 84*64kB 45*128kB 32*256kB 25*512kB 0*1024kB 0*2048kB 0*4096kB = 48740kB
[26168.473603] HighMem: 695*4kB 955*8kB 1149*16kB 1313*32kB 910*64kB 345*128kB 103*256kB 38*512kB 19*1024kB 3*2048kB 424*4096kB = 1981348kB
[26168.473616] 131693 total pagecache pages
[26168.473621] 0 pages in swap cache
[26168.473626] Swap cache stats: add 0, delete 0, find 0/0
[26168.473631] Free swap  = 0kB
[26168.473635] Total swap = 0kB
[26168.477100] DEBUG_INFO: firewall_rx: Received: 10.0.0.6 -> 81.218.31.153 from dev: (null)
[26168.477273] DEBUG_INFO: firewall_rx: TCP src_port: 34964 dst_port: 80 syn: 1 ack: 0
[26168.477288] len: 16
[26168.477302] firewall_rx: data addrs data: ee5b9f30 sk: edca1240
[26168.477319] cc ca 41 03 00 00 00 00 00 00 00 00 00 00 00 00  ..A.............
[26168.477332] DEBUG_INFO: enforce_rule_base: called
[26168.477350] DEBUG_INPUT: handle_tcp_conn_chain: Called.
[26168.477373] swapper/3: page allocation failure: order:8, mode:0x4020
[26168.477394] Pid: 0, comm: swapper/3 Tainted: G           O 3.2.0-37-generic-pae #58-Ubuntu
[26168.477412] Call Trace:
[26168.477440]  [<c15922ab>] ? printk+0x2d/0x2f
[26168.477466]  [<c10fb46f>] warn_alloc_failed+0xbf/0x100
[26168.477489]  [<c10fe14f>] __alloc_pages_nodemask+0x56f/0x740
[26168.477514]  [<c10fe39c>] __get_free_pages+0x1c/0x30
[26168.477538]  [<c11338c7>] kmalloc_order_trace+0x27/0xa0
[26168.477566]  [<fb36f88e>] conn_node_create+0x2e/0x80 [fw5]
[26168.477592]  [<fb3724e5>] ? hash_table_contains+0x15/0x50 [fw5]
[26168.477617]  [<fb36fd20>] handle_tcp_conn_chain+0xa0/0x430 [fw5]
[26168.477643]  [<c10841c5>] ? getnstimeofday+0x55/0x120
[26168.477666]  [<fb36eaac>] firewall_rx+0x62c/0x920 [fw5]
[26168.477726]  [<c1054130>] ? try_to_wake_up+0x190/0x190
[26168.477751]  [<c103ff67>] ? __wake_up_common+0x47/0x70
[26168.477776]  [<c14dd340>] ? ip_forward_options+0x1d0/0x1d0
[26168.477800]  [<c14d3a03>] nf_iterate+0x63/0x90
[26168.477820]  [<c14dd340>] ? ip_forward_options+0x1d0/0x1d0
[26168.477843]  [<c14d3a92>] nf_hook_slow+0x62/0x110
[26168.477863]  [<c14dd340>] ? ip_forward_options+0x1d0/0x1d0
[26168.477884]  [<c14dee91>] __ip_local_out+0xa1/0xb0
[26168.477905]  [<c14dd340>] ? ip_forward_options+0x1d0/0x1d0
[26168.477926]  [<c14deeb0>] ip_local_out+0x10/0x30
[26168.477947]  [<c14defee>] ip_queue_xmit+0x11e/0x3c0
[26168.477970]  [<c14f77cf>] ? tcp_v4_md5_lookup+0xf/0x20
[26168.477992]  [<c15a5636>] ? tcp_syn_options+0xab/0x1b2
[26168.478015]  [<c14f4de7>] tcp_transmit_skb+0x2d7/0x4a0
[26168.478036]  [<c14f5c15>] tcp_retransmit_skb+0x165/0x2b0
[26168.478057]  [<c14f7437>] tcp_retransmit_timer+0x1e7/0x3e0
[26168.478078]  [<c10540e0>] ? try_to_wake_up+0x140/0x190
[26168.478099]  [<c14f76f7>] tcp_write_timer+0xc7/0xf0
[26168.478123]  [<c1067eff>] call_timer_fn+0x2f/0x110
[26168.478147]  [<c104a8f8>] ? update_shares+0xa8/0xd0
[26168.478168]  [<c14f7630>] ? tcp_retransmit_timer+0x3e0/0x3e0
[26168.478190]  [<c10695fb>] run_timer_softirq+0xeb/0x210
[26168.478212]  [<c14f7630>] ? tcp_retransmit_timer+0x3e0/0x3e0
[26168.478235]  [<c1061490>] ? local_bh_enable_ip+0x90/0x90
[26168.478252]  [<c1061511>] __do_softirq+0x81/0x1a0
[26168.478268]  [<c1061490>] ? local_bh_enable_ip+0x90/0x90
[26168.478281]  <IRQ>  [<c1061856>] ? irq_exit+0x76/0xa0
[26168.478306]  [<c15afd69>] ? smp_apic_timer_interrupt+0x59/0x88
[26168.478325]  [<c15a8909>] ? apic_timer_interrupt+0x31/0x38
[26168.478344]  [<c1035d2a>] ? native_safe_halt+0xa/0x10
[26168.478361]  [<c1018b6a>] ? default_idle+0x4a/0x190
[26168.478379]  [<c10107d8>] ? cpu_idle+0xa8/0xe0
[26168.478399]  [<c158b3ab>] ? start_secondary+0xe8/0xed
[26168.478413] Mem-Info:
[26168.478424] DMA per-cpu:
[26168.478436] CPU    0: hi:    0, btch:   1 usd:   0
[26168.478449] CPU    1: hi:    0, btch:   1 usd:   0
[26168.478460] CPU    2: hi:    0, btch:   1 usd:   0
[26168.478472] CPU    3: hi:    0, btch:   1 usd:   0
[26168.478484] Normal per-cpu:
[26168.478495] CPU    0: hi:  186, btch:  31 usd: 119
[26168.478507] CPU    1: hi:  186, btch:  31 usd: 132
[26168.478519] CPU    2: hi:  186, btch:  31 usd: 157
[26168.478531] CPU    3: hi:  186, btch:  31 usd: 136
[26168.478543] HighMem per-cpu:
[26168.478555] CPU    0: hi:  186, btch:  31 usd: 161
[26168.478567] CPU    1: hi:  186, btch:  31 usd: 157
[26168.478579] CPU    2: hi:  186, btch:  31 usd: 163
[26168.478591] CPU    3: hi:  186, btch:  31 usd: 172
[26168.478607] active_anon:165588 inactive_anon:2594 isolated_anon:0
[26168.478616]  active_file:31565 inactive_file:97111 isolated_file:0
[26168.478625]  unevictable:0 dirty:645 writeback:0 unstable:0
[26168.478634]  free:508607 slab_reclaimable:3930 slab_unreclaimable:4652
[26168.478644]  mapped:34058 shmem:2961 pagetables:2274 bounce:0
[26168.478662] DMA free:4464kB min:784kB low:980kB high:1176kB active_anon:0kB inactive_anon:0kB active_file:0kB inactive_file:0kB unevictable:0kB isolated(anon):0kB isolated(file):0kB present:15804kB mlocked:0kB dirty:0kB writeback:0kB mapped:0kB shmem:0kB slab_reclaimable:0kB slab_unreclaimable:160kB kernel_stack:16kB pagetables:0kB unstable:0kB bounce:0kB writeback_tmp:0kB pages_scanned:0 all_unreclaimable? yes
[26168.478718] lowmem_reserve[]: 0 869 3948 3948
[26168.478756] Normal free:48740kB min:44216kB low:55268kB high:66324kB active_anon:0kB inactive_anon:0kB active_file:144kB inactive_file:232kB unevictable:0kB isolated(anon):0kB isolated(file):0kB present:890008kB mlocked:0kB dirty:0kB writeback:0kB mapped:4kB shmem:0kB slab_reclaimable:15720kB slab_unreclaimable:18448kB kernel_stack:3896kB pagetables:0kB unstable:0kB bounce:0kB writeback_tmp:0kB pages_scanned:4 all_unreclaimable? no
[26168.478818] lowmem_reserve[]: 0 0 24637 24637
[26168.478853] HighMem free:1981224kB min:512kB low:39680kB high:78852kB active_anon:662352kB inactive_anon:10376kB active_file:126116kB inactive_file:388212kB unevictable:0kB isolated(anon):0kB isolated(file):0kB present:3153572kB mlocked:0kB dirty:2580kB writeback:0kB mapped:136228kB shmem:11844kB slab_reclaimable:0kB slab_unreclaimable:0kB kernel_stack:0kB pagetables:9096kB unstable:0kB bounce:0kB writeback_tmp:0kB pages_scanned:0 all_unreclaimable? no
[26168.478886] lowmem_reserve[]: 0 0 0 0
[26168.478914] DMA: 12*4kB 12*8kB 6*16kB 4*32kB 4*64kB 2*128kB 2*256kB 0*512kB 1*1024kB 1*2048kB 0*4096kB = 4464kB
[26168.478966] Normal: 477*4kB 390*8kB 376*16kB 174*32kB 84*64kB 45*128kB 32*256kB 25*512kB 0*1024kB 0*2048kB 0*4096kB = 48740kB
[26168.479019] HighMem: 695*4kB 955*8kB 1149*16kB 1313*32kB 910*64kB 345*128kB 103*256kB 38*512kB 19*1024kB 3*2048kB 424*4096kB = 1981348kB
[26168.479073] 131693 total pagecache pages
[26168.479089] 0 pages in swap cache
[26168.479105] Swap cache stats: add 0, delete 0, find 0/0
[26168.479121] Free swap  = 0kB
[26168.479136] Total swap = 0kB
[26168.481012] DEBUG_INFO: firewall_rx: Received: 10.0.0.6 -> 81.218.31.155 from dev: (null)
[26168.481032] DEBUG_INFO: firewall_rx: TCP src_port: 51143 dst_port: 80 syn: 1 ack: 0
[26168.481046] len: 16
[26168.481060] firewall_rx: data addrs data: ee564f30 sk: ec4c1780
[26168.481075] 00 00 00 00 00 00 00 00 00 00 00 00 00 00 00 00  ................
[26168.481089] DEBUG_INFO: enforce_rule_base: called
[26168.481103] DEBUG_INPUT: handle_tcp_conn_chain: Called.
[26168.481122] rsyslogd: page allocation failure: order:8, mode:0x4020
[26168.481140] Pid: 773, comm: rsyslogd Tainted: G           O 3.2.0-37-generic-pae #58-Ubuntu
[26168.481155] Call Trace:
[26168.481178]  [<c15922ab>] ? printk+0x2d/0x2f
[26168.481200]  [<c10fb46f>] warn_alloc_failed+0xbf/0x100
[26168.481219]  [<c10fe14f>] __alloc_pages_nodemask+0x56f/0x740
[26168.481241]  [<c10fe39c>] __get_free_pages+0x1c/0x30
[26168.481262]  [<c11338c7>] kmalloc_order_trace+0x27/0xa0
[26168.481284]  [<fb36f88e>] conn_node_create+0x2e/0x80 [fw5]
[26168.481304]  [<fb372508>] ? hash_table_contains+0x38/0x50 [fw5]
[26168.481324]  [<fb36fd20>] handle_tcp_conn_chain+0xa0/0x430 [fw5]
[26168.481346]  [<c10841c5>] ? getnstimeofday+0x55/0x120
[26168.481365]  [<fb36eaac>] firewall_rx+0x62c/0x920 [fw5]
[26168.481386]  [<c1046fb9>] ? ttwu_queue+0x99/0xb0
[26168.481405]  [<c10540e0>] ? try_to_wake_up+0x140/0x190
[26168.481426]  [<c14dd340>] ? ip_forward_options+0x1d0/0x1d0
[26168.481446]  [<c14d3a03>] nf_iterate+0x63/0x90
[26168.481463]  [<c14dd340>] ? ip_forward_options+0x1d0/0x1d0
[26168.481483]  [<c14d3a92>] nf_hook_slow+0x62/0x110
[26168.481501]  [<c14dd340>] ? ip_forward_options+0x1d0/0x1d0
[26168.481519]  [<c14dee91>] __ip_local_out+0xa1/0xb0
[26168.481537]  [<c14dd340>] ? ip_forward_options+0x1d0/0x1d0
[26168.481554]  [<c14deeb0>] ip_local_out+0x10/0x30
[26168.481571]  [<c14defee>] ip_queue_xmit+0x11e/0x3c0
[26168.481590]  [<c14f77cf>] ? tcp_v4_md5_lookup+0xf/0x20
[26168.481609]  [<c15a5636>] ? tcp_syn_options+0xab/0x1b2
[26168.481663]  [<c14f4de7>] tcp_transmit_skb+0x2d7/0x4a0
[26168.481683]  [<c14f5c15>] tcp_retransmit_skb+0x165/0x2b0
[26168.481700]  [<c14f7437>] tcp_retransmit_timer+0x1e7/0x3e0
[26168.481717]  [<c14f76f7>] tcp_write_timer+0xc7/0xf0
[26168.481737]  [<c1067eff>] call_timer_fn+0x2f/0x110
[26168.481755]  [<c14f7630>] ? tcp_retransmit_timer+0x3e0/0x3e0
[26168.481772]  [<c10695fb>] run_timer_softirq+0xeb/0x210
[26168.481791]  [<c10c4cc3>] ? rcu_check_quiescent_state+0x23/0xa0
[26168.481808]  [<c14f7630>] ? tcp_retransmit_timer+0x3e0/0x3e0
[26168.481825]  [<c10c555b>] ? __rcu_process_callbacks+0x3b/0x110
[26168.481843]  [<c1061490>] ? local_bh_enable_ip+0x90/0x90
[26168.481861]  [<c1061511>] __do_softirq+0x81/0x1a0
[26168.481878]  [<c1061490>] ? local_bh_enable_ip+0x90/0x90
[26168.481892]  <IRQ>  [<c1061856>] ? irq_exit+0x76/0xa0
[26168.481918]  [<c15afd69>] ? smp_apic_timer_interrupt+0x59/0x88
[26168.481940]  [<c15a8909>] ? apic_timer_interrupt+0x31/0x38
[26168.482013]  [<c148f0ef>] ? acpi_pm_read+0xf/0x20
[26168.482033]  [<c10841c5>] ? getnstimeofday+0x55/0x120
[26168.482052]  [<c10842d6>] ? do_gettimeofday+0x16/0x40
[26168.482069]  [<c105ff73>] ? sys_gettimeofday+0x23/0x70
[26168.482088]  [<c15af55f>] ? sysenter_do_call+0x12/0x28
[26168.482102] Mem-Info:
[26168.482115] DMA per-cpu:
[26168.482128] CPU    0: hi:    0, btch:   1 usd:   0
[26168.482142] CPU    1: hi:    0, btch:   1 usd:   0
[26168.482155] CPU    2: hi:    0, btch:   1 usd:   0
[26168.482168] CPU    3: hi:    0, btch:   1 usd:   0
[26168.482181] Normal per-cpu:
[26168.482195] CPU    0: hi:  186, btch:  31 usd: 119
[26168.482209] CPU    1: hi:  186, btch:  31 usd: 132
[26168.482222] CPU    2: hi:  186, btch:  31 usd: 157
[26168.482236] CPU    3: hi:  186, btch:  31 usd: 136
[26168.482249] HighMem per-cpu:
[26168.482263] CPU    0: hi:  186, btch:  31 usd: 161
[26168.482277] CPU    1: hi:  186, btch:  31 usd: 158
[26168.482289] CPU    2: hi:  186, btch:  31 usd: 163
[26168.482303] CPU    3: hi:  186, btch:  31 usd: 172
[26168.482321] active_anon:165477 inactive_anon:2594 isolated_anon:0
[26168.482331]  active_file:31565 inactive_file:97111 isolated_file:0
[26168.482342]  unevictable:0 dirty:645 writeback:0 unstable:0
[26168.482351]  free:508731 slab_reclaimable:3930 slab_unreclaimable:4652
[26168.482362]  mapped:34058 shmem:2961 pagetables:2274 bounce:0
[26168.482384] DMA free:4464kB min:784kB low:980kB high:1176kB active_anon:0kB inactive_anon:0kB active_file:0kB inactive_file:0kB unevictable:0kB isolated(anon):0kB isolated(file):0kB present:15804kB mlocked:0kB dirty:0kB writeback:0kB mapped:0kB shmem:0kB slab_reclaimable:0kB slab_unreclaimable:160kB kernel_stack:16kB pagetables:0kB unstable:0kB bounce:0kB writeback_tmp:0kB pages_scanned:0 all_unreclaimable? yes
[26168.482402] lowmem_reserve[]: 0 869 3948 3948
[26168.482430] Normal free:48740kB min:44216kB low:55268kB high:66324kB active_anon:0kB inactive_anon:0kB active_file:144kB inactive_file:232kB unevictable:0kB isolated(anon):0kB isolated(file):0kB present:890008kB mlocked:0kB dirty:0kB writeback:0kB mapped:4kB shmem:0kB slab_reclaimable:15720kB slab_unreclaimable:18448kB kernel_stack:3896kB pagetables:0kB unstable:0kB bounce:0kB writeback_tmp:0kB pages_scanned:4 all_unreclaimable? no
[26168.482449] lowmem_reserve[]: 0 0 24637 24637
[26168.482476] HighMem free:1981720kB min:512kB low:39680kB high:78852kB active_anon:661908kB inactive_anon:10376kB active_file:126116kB inactive_file:388212kB unevictable:0kB isolated(anon):0kB isolated(file):0kB present:3153572kB mlocked:0kB dirty:2580kB writeback:0kB mapped:136228kB shmem:11844kB slab_reclaimable:0kB slab_unreclaimable:0kB kernel_stack:0kB pagetables:9096kB unstable:0kB bounce:0kB writeback_tmp:0kB pages_scanned:0 all_unreclaimable? no
[26168.482496] lowmem_reserve[]: 0 0 0 0
[26168.482512] DMA: 12*4kB 12*8kB 6*16kB 4*32kB 4*64kB 2*128kB 2*256kB 0*512kB 1*1024kB 1*2048kB 0*4096kB = 4464kB
[26168.482542] Normal: 477*4kB 390*8kB 376*16kB 174*32kB 84*64kB 45*128kB 32*256kB 25*512kB 0*1024kB 0*2048kB 0*4096kB = 48740kB
[26168.482571] HighMem: 729*4kB 998*8kB 1150*16kB 1313*32kB 910*64kB 345*128kB 103*256kB 38*512kB 19*1024kB 3*2048kB 424*4096kB = 1981844kB
[26168.482601] 131693 total pagecache pages
[26168.482621] 0 pages in swap cache
[26168.482621] Swap cache stats: add 0, delete 0, find 0/0
[26168.482621] Free swap  = 0kB
[26168.482621] Total swap = 0kB
[26168.496135] 1155056 pages RAM
[26168.496333] 926722 pages HighMem
[26168.496347] 180207 pages reserved
[26168.496359] 186489 pages shared
[26168.496372] 381445 pages non-shared
[26168.496388] connection_table_add: conn_tab->hash or conn_node are null.
[26168.496405] handle_tcp_conn_chain: failed to set the chain to the connection table.
[26168.496420] firewall_rx: handle_tcp_chain() failed.
[26168.496449] DEBUG_INFO: firewall_rx: packet process time: 23530924 nano.
[26168.496520] DEBUG_INFO: firewall_rx: Received: 10.0.0.6 -> 81.218.31.155 from dev: (null)
[26168.496537] DEBUG_INFO: firewall_rx: TCP src_port: 51136 dst_port: 80 syn: 1 ack: 0
[26168.496551] len: 16
[26168.496564] firewall_rx: data addrs data: f2bc4d30 sk: f2b4c240
[26168.496580] b9 cb 41 03 1f 00 00 00 f4 ef 83 bf 0f 00 00 00  ..A.............
[26168.496594] DEBUG_INFO: enforce_rule_base: called
[26168.496609] DEBUG_INPUT: handle_tcp_conn_chain: Called.
[26168.496629] swapper/2: page allocation failure: order:8, mode:0x4020
[26168.496647] Pid: 0, comm: swapper/2 Tainted: G           O 3.2.0-37-generic-pae #58-Ubuntu
[26168.496663] Call Trace:
[26168.496687]  [<c15922ab>] ? printk+0x2d/0x2f
[26168.496712]  [<c10fb46f>] warn_alloc_failed+0xbf/0x100
[26168.496733]  [<c10fe14f>] __alloc_pages_nodemask+0x56f/0x740
[26168.496812]  [<c10fe39c>] __get_free_pages+0x1c/0x30
[26168.496835]  [<c11338c7>] kmalloc_order_trace+0x27/0xa0
[26168.496860]  [<fb36f88e>] conn_node_create+0x2e/0x80 [fw5]
[26168.496882]  [<fb3724e5>] ? hash_table_contains+0x15/0x50 [fw5]
[26168.496902]  [<fb36fd20>] handle_tcp_conn_chain+0xa0/0x430 [fw5]
[26168.496924]  [<c10841c5>] ? getnstimeofday+0x55/0x120
[26168.496943]  [<fb36eaac>] firewall_rx+0x62c/0x920 [fw5]
[26168.496963]  [<c1054130>] ? try_to_wake_up+0x190/0x190
[26168.496985]  [<c14dd340>] ? ip_forward_options+0x1d0/0x1d0
[26168.497005]  [<c14d3a03>] nf_iterate+0x63/0x90
[26168.497023]  [<c14dd340>] ? ip_forward_options+0x1d0/0x1d0
[26168.497042]  [<c14d3a92>] nf_hook_slow+0x62/0x110
[26168.497044]  [<c14dd340>] ? ip_forward_options+0x1d0/0x1d0
[26168.497044]  [<c14dee91>] __ip_local_out+0xa1/0xb0
[26168.497044]  [<c14dd340>] ? ip_forward_options+0x1d0/0x1d0
[26168.497044]  [<c14deeb0>] ip_local_out+0x10/0x30
[26168.497044]  [<c14defee>] ip_queue_xmit+0x11e/0x3c0
[26168.497044]  [<c14f77cf>] ? tcp_v4_md5_lookup+0xf/0x20
[26168.497044]  [<c15a5636>] ? tcp_syn_options+0xab/0x1b2
[26168.497044]  [<c14f4de7>] tcp_transmit_skb+0x2d7/0x4a0
[26168.497044]  [<c14f5c15>] tcp_retransmit_skb+0x165/0x2b0
[26168.497044]  [<c14f7437>] tcp_retransmit_timer+0x1e7/0x3e0
[26168.497044]  [<c1041f8c>] ? update_cfs_load+0x2ac/0x2d0
[26168.497044]  [<c14f76f7>] tcp_write_timer+0xc7/0xf0
[26168.497044]  [<c1067eff>] call_timer_fn+0x2f/0x110
[26168.497044]  [<c104a8f8>] ? update_shares+0xa8/0xd0
[26168.497044]  [<c14f7630>] ? tcp_retransmit_timer+0x3e0/0x3e0
[26168.497044]  [<c10695fb>] run_timer_softirq+0xeb/0x210
[26168.497044]  [<c10c4cc3>] ? rcu_check_quiescent_state+0x23/0xa0
[26168.497044]  [<c14f7630>] ? tcp_retransmit_timer+0x3e0/0x3e0
[26168.497044]  [<c1061490>] ? local_bh_enable_ip+0x90/0x90
[26168.497044]  [<c1061511>] __do_softirq+0x81/0x1a0
[26168.497044]  [<c1061490>] ? local_bh_enable_ip+0x90/0x90
[26168.497044]  <IRQ>  [<c1061856>] ? irq_exit+0x76/0xa0
[26168.497573]  [<c15afd69>] ? smp_apic_timer_interrupt+0x59/0x88
[26168.497593]  [<c15a8909>] ? apic_timer_interrupt+0x31/0x38
[26168.497612]  [<c1035d2a>] ? native_safe_halt+0xa/0x10
[26168.497630]  [<c1018b6a>] ? default_idle+0x4a/0x190
[26168.497649]  [<c10107d8>] ? cpu_idle+0xa8/0xe0
[26168.497671]  [<c158b3ab>] ? start_secondary+0xe8/0xed
[26168.497750] Mem-Info:
[26168.497763] DMA per-cpu:
[26168.497777] CPU    0: hi:    0, btch:   1 usd:   0
[26168.497790] CPU    1: hi:    0, btch:   1 usd:   0
[26168.497803] CPU    2: hi:    0, btch:   1 usd:   0
[26168.497816] CPU    3: hi:    0, btch:   1 usd:   0
[26168.497828] Normal per-cpu:
[26168.497842] CPU    0: hi:  186, btch:  31 usd: 119
[26168.497855] CPU    1: hi:  186, btch:  31 usd: 136
[26168.497868] CPU    2: hi:  186, btch:  31 usd: 157
[26168.497881] CPU    3: hi:  186, btch:  31 usd: 136
[26168.497893] HighMem per-cpu:
[26168.497906] CPU    0: hi:  186, btch:  31 usd: 161
[26168.497919] CPU    1: hi:  186, btch:  31 usd: 157
[26168.497932] CPU    2: hi:  186, btch:  31 usd: 163
[26168.497945] CPU    3: hi:  186, btch:  31 usd: 172
[26168.497964] active_anon:165477 inactive_anon:2594 isolated_anon:0
[26168.497974]  active_file:31565 inactive_file:97111 isolated_file:0
[26168.497984]  unevictable:0 dirty:645 writeback:0 unstable:0
[26168.497994]  free:508731 slab_reclaimable:3930 slab_unreclaimable:4652
[26168.498004]  mapped:34058 shmem:2961 pagetables:2274 bounce:0
[26168.498027] DMA free:4464kB min:784kB low:980kB high:1176kB active_anon:0kB inactive_anon:0kB active_file:0kB inactive_file:0kB unevictable:0kB isolated(anon):0kB isolated(file):0kB present:15804kB mlocked:0kB dirty:0kB writeback:0kB mapped:0kB shmem:0kB slab_reclaimable:0kB slab_unreclaimable:160kB kernel_stack:16kB pagetables:0kB unstable:0kB bounce:0kB writeback_tmp:0kB pages_scanned:0 all_unreclaimable? yes
[26168.498046] lowmem_reserve[]: 0 869 3948 3948
[26168.498074] Normal free:48740kB min:44216kB low:55268kB high:66324kB active_anon:0kB inactive_anon:0kB active_file:144kB inactive_file:232kB unevictable:0kB isolated(anon):0kB isolated(file):0kB present:890008kB mlocked:0kB dirty:0kB writeback:0kB mapped:4kB shmem:0kB slab_reclaimable:15720kB slab_unreclaimable:18448kB kernel_stack:3896kB pagetables:0kB unstable:0kB bounce:0kB writeback_tmp:0kB pages_scanned:11 all_unreclaimable? no
[26168.498093] lowmem_reserve[]: 0 0 24637 24637
[26168.498120] HighMem free:1981720kB min:512kB low:39680kB high:78852kB active_anon:661908kB inactive_anon:10376kB active_file:126116kB inactive_file:388212kB unevictable:0kB isolated(anon):0kB isolated(file):0kB present:3153572kB mlocked:0kB dirty:2580kB writeback:0kB mapped:136228kB shmem:11844kB slab_reclaimable:0kB slab_unreclaimable:0kB kernel_stack:0kB pagetables:9096kB unstable:0kB bounce:0kB writeback_tmp:0kB pages_scanned:0 all_unreclaimable? no
[26168.498139] lowmem_reserve[]: 0 0 0 0
[26168.498156] DMA: 12*4kB 12*8kB 6*16kB 4*32kB 4*64kB 2*128kB 2*256kB 0*512kB 1*1024kB 1*2048kB 0*4096kB = 4464kB
[26168.498187] Normal: 477*4kB 390*8kB 376*16kB 174*32kB 84*64kB 45*128kB 32*256kB 25*512kB 0*1024kB 0*2048kB 0*4096kB = 48740kB
[26168.498218] HighMem: 729*4kB 998*8kB 1150*16kB 1313*32kB 910*64kB 345*128kB 103*256kB 38*512kB 19*1024kB 3*2048kB 424*4096kB = 1981844kB
[26168.498251] 131693 total pagecache pages
[26168.498263] 0 pages in swap cache
[26168.498275] Swap cache stats: add 0, delete 0, find 0/0
[26168.498287] Free swap  = 0kB
[26168.498298] Total swap = 0kB
[26168.502445] 1155056 pages RAM
[26168.502461] 926722 pages HighMem
[26168.502473] 180205 pages reserved
[26168.502485] 186483 pages shared
[26168.502496] 381445 pages non-shared
[26168.502512] connection_table_add: conn_tab->hash or conn_node are null.
[26168.502527] handle_tcp_conn_chain: failed to set the chain to the connection table.
[26168.502540] firewall_rx: handle_tcp_chain() failed.
[26168.502570] DEBUG_INFO: firewall_rx: packet process time: 25466364 nano.
[26168.502635] DEBUG_INFO: firewall_rx: Received: 10.0.0.6 -> 81.218.31.153 from dev: (null)
[26168.502650] DEBUG_INFO: firewall_rx: TCP src_port: 34965 dst_port: 80 syn: 1 ack: 0
[26168.502664] len: 16
[26168.502677] firewall_rx: data addrs data: ee5b9b30 sk: edca1f00
[26168.502693] 71 cb 41 03 1f 00 00 00 ee 8f e5 bf 0f 00 00 00  q.A.............
[26168.502707] DEBUG_INFO: enforce_rule_base: called
[26168.502720] DEBUG_INPUT: handle_tcp_conn_chain: Called.
[26168.502740] swapper/3: page allocation failure: order:8, mode:0x4020
[26168.502757] Pid: 0, comm: swapper/3 Tainted: G           O 3.2.0-37-generic-pae #58-Ubuntu
[26168.502771] Call Trace:
[26168.502794]  [<c15922ab>] ? printk+0x2d/0x2f
[26168.502816]  [<c10fb46f>] warn_alloc_failed+0xbf/0x100
[26168.502835]  [<c10fe14f>] __alloc_pages_nodemask+0x56f/0x740
[26168.502856]  [<c10fe39c>] __get_free_pages+0x1c/0x30
[26168.502880]  [<c11338c7>] kmalloc_order_trace+0x27/0xa0
[26168.502903]  [<fb36f88e>] conn_node_create+0x2e/0x80 [fw5]
[26168.502923]  [<fb3724e5>] ? hash_table_contains+0x15/0x50 [fw5]
[26168.502943]  [<fb36fd20>] handle_tcp_conn_chain+0xa0/0x430 [fw5]
[26168.502964]  [<c10841c5>] ? getnstimeofday+0x55/0x120
[26168.502983]  [<fb36eaac>] firewall_rx+0x62c/0x920 [fw5]
[26168.503002]  [<c1054130>] ? try_to_wake_up+0x190/0x190
[26168.503023]  [<c14dd340>] ? ip_forward_options+0x1d0/0x1d0
[26168.503043]  [<c14d3a03>] nf_iterate+0x63/0x90
[26168.503060]  [<c14dd340>] ? ip_forward_options+0x1d0/0x1d0
[26168.503079]  [<c14d3a92>] nf_hook_slow+0x62/0x110
[26168.503096]  [<c14dd340>] ? ip_forward_options+0x1d0/0x1d0
[26168.503114]  [<c14dee91>] __ip_local_out+0xa1/0xb0
[26168.503131]  [<c14dd340>] ? ip_forward_options+0x1d0/0x1d0
[26168.503149]  [<c14deeb0>] ip_local_out+0x10/0x30
[26168.503166]  [<c14defee>] ip_queue_xmit+0x11e/0x3c0
[26168.503185]  [<c14f77cf>] ? tcp_v4_md5_lookup+0xf/0x20
[26168.503203]  [<c15a5636>] ? tcp_syn_options+0xab/0x1b2
[26168.503221]  [<c14f4de7>] tcp_transmit_skb+0x2d7/0x4a0
[26168.503238]  [<c14f5c15>] tcp_retransmit_skb+0x165/0x2b0
[26168.503255]  [<c14f7437>] tcp_retransmit_timer+0x1e7/0x3e0
[26168.503272]  [<c10540e0>] ? try_to_wake_up+0x140/0x190
[26168.503290]  [<c14f76f7>] tcp_write_timer+0xc7/0xf0
[26168.503310]  [<c1067eff>] call_timer_fn+0x2f/0x110
[26168.503328]  [<c104a8f8>] ? update_shares+0xa8/0xd0
[26168.503345]  [<c14f7630>] ? tcp_retransmit_timer+0x3e0/0x3e0
[26168.503362]  [<c10695fb>] run_timer_softirq+0xeb/0x210
[26168.503379]  [<c14f7630>] ? tcp_retransmit_timer+0x3e0/0x3e0
[26168.503397]  [<c1061490>] ? local_bh_enable_ip+0x90/0x90
[26168.503414]  [<c1061511>] __do_softirq+0x81/0x1a0
[26168.503431]  [<c1061490>] ? local_bh_enable_ip+0x90/0x90
[26168.503444]  <IRQ>  [<c1061856>] ? irq_exit+0x76/0xa0
[26168.503471]  [<c15afd69>] ? smp_apic_timer_interrupt+0x59/0x88
[26168.503490]  [<c15a8909>] ? apic_timer_interrupt+0x31/0x38
[26168.503509]  [<c1035d2a>] ? native_safe_halt+0xa/0x10
[26168.503527]  [<c1018b6a>] ? default_idle+0x4a/0x190
[26168.503547]  [<c10107d8>] ? cpu_idle+0xa8/0xe0
[26168.503567]  [<c158b3ab>] ? start_secondary+0xe8/0xed
[26168.503580] Mem-Info:
[26168.503593] DMA per-cpu:
[26168.503606] CPU    0: hi:    0, btch:   1 usd:   0
[26168.503620] CPU    1: hi:    0, btch:   1 usd:   0
[26168.503633] CPU    2: hi:    0, btch:   1 usd:   0
[26168.503646] CPU    3: hi:    0, btch:   1 usd:   0
[26168.503658] Normal per-cpu:
[26168.503671] CPU    0: hi:  186, btch:  31 usd: 119
[26168.503685] CPU    1: hi:  186, btch:  31 usd: 136
[26168.503698] CPU    2: hi:  186, btch:  31 usd: 157
[26168.503710] CPU    3: hi:  186, btch:  31 usd: 136
[26168.503723] HighMem per-cpu:
[26168.503736] CPU    0: hi:  186, btch:  31 usd: 161
[26168.503750] CPU    1: hi:  186, btch:  31 usd: 158
[26168.503763] CPU    2: hi:  186, btch:  31 usd: 163
[26168.503776] CPU    3: hi:  186, btch:  31 usd: 172
[26168.503827] active_anon:165477 inactive_anon:2594 isolated_anon:0
[26168.503838]  active_file:31565 inactive_file:97111 isolated_file:0
[26168.503848]  unevictable:0 dirty:645 writeback:0 unstable:0
[26168.503859]  free:508731 slab_reclaimable:3930 slab_unreclaimable:4652
[26168.503869]  mapped:34058 shmem:2961 pagetables:2274 bounce:0
[26168.503893] DMA free:4464kB min:784kB low:980kB high:1176kB active_anon:0kB inactive_anon:0kB active_file:0kB inactive_file:0kB unevictable:0kB isolated(anon):0kB isolated(file):0kB present:15804kB mlocked:0kB dirty:0kB writeback:0kB mapped:0kB shmem:0kB slab_reclaimable:0kB slab_unreclaimable:160kB kernel_stack:16kB pagetables:0kB unstable:0kB bounce:0kB writeback_tmp:0kB pages_scanned:0 all_unreclaimable? yes
[26168.503915] lowmem_reserve[]: 0 869 3948 3948
[26168.503942] Normal free:48740kB min:44216kB low:55268kB high:66324kB active_anon:0kB inactive_anon:0kB active_file:144kB inactive_file:232kB unevictable:0kB isolated(anon):0kB isolated(file):0kB present:890008kB mlocked:0kB dirty:0kB writeback:0kB mapped:4kB shmem:0kB slab_reclaimable:15720kB slab_unreclaimable:18448kB kernel_stack:3896kB pagetables:0kB unstable:0kB bounce:0kB writeback_tmp:0kB pages_scanned:11 all_unreclaimable? no
[26168.503962] lowmem_reserve[]: 0 0 24637 24637
[26168.503989] HighMem free:1981720kB min:512kB low:39680kB high:78852kB active_anon:661908kB inactive_anon:10376kB active_file:126116kB inactive_file:388212kB unevictable:0kB isolated(anon):0kB isolated(file):0kB present:3153572kB mlocked:0kB dirty:2580kB writeback:0kB mapped:136228kB shmem:11844kB slab_reclaimable:0kB slab_unreclaimable:0kB kernel_stack:0kB pagetables:9096kB unstable:0kB bounce:0kB writeback_tmp:0kB pages_scanned:0 all_unreclaimable? no
[26168.504009] lowmem_reserve[]: 0 0 0 0
[26168.504015] DMA: 12*4kB 12*8kB 6*16kB 4*32kB 4*64kB 2*128kB 2*256kB 0*512kB 1*1024kB 1*2048kB 0*4096kB = 4464kB
[26168.504077] Normal: 477*4kB 390*8kB 376*16kB 174*32kB 84*64kB 45*128kB 32*256kB 25*512kB 0*1024kB 0*2048kB 0*4096kB = 48740kB
[26168.504292] HighMem: 729*4kB 998*8kB 1150*16kB 1313*32kB 910*64kB 345*128kB 103*256kB 38*512kB 19*1024kB 3*2048kB 424*4096kB = 1981844kB
[26168.504323] 131693 total pagecache pages
[26168.504337] 0 pages in swap cache
[26168.504350] Swap cache stats: add 0, delete 0, find 0/0
[26168.504369] Free swap  = 0kB
[26168.504374] Total swap = 0kB
[26168.506085] 1155056 pages RAM
[26168.506093] 926722 pages HighMem
[26168.506098] 180205 pages reserved
[26168.506103] 186477 pages shared
[26168.506108] 381445 pages non-shared
[26168.506116] connection_table_add: conn_tab->hash or conn_node are null.
[26168.506123] handle_tcp_conn_chain: failed to set the chain to the connection table.
[26168.506129] firewall_rx: handle_tcp_chain() failed.
[26168.506143] DEBUG_INFO: firewall_rx: packet process time: 25136434 nano.
[26168.506175] DEBUG_INFO: firewall_rx: Received: 10.0.0.6 -> 81.218.31.155 from dev: (null)
[26168.506182] DEBUG_INFO: firewall_rx: TCP src_port: 51144 dst_port: 80 syn: 1 ack: 0
[26168.506187] len: 16
[26168.506193] firewall_rx: data addrs data: ee565130 sk: ec4c1b40
[26168.506200] 00 00 00 00 00 00 00 00 20 ef 4c f6 01 00 00 00  ........ .L.....
[26168.506205] DEBUG_INFO: enforce_rule_base: called
[26168.506211] DEBUG_INPUT: handle_tcp_conn_chain: Called.
[26168.506221] rsyslogd: page allocation failure: order:8, mode:0x4020
[26168.506228] Pid: 773, comm: rsyslogd Tainted: G           O 3.2.0-37-generic-pae #58-Ubuntu
[26168.506235] Call Trace:
[26168.506246]  [<c15922ab>] ? printk+0x2d/0x2f
[26168.506256]  [<c10fb46f>] warn_alloc_failed+0xbf/0x100
[26168.506264]  [<c10fe14f>] __alloc_pages_nodemask+0x56f/0x740
[26168.506273]  [<c10fe39c>] __get_free_pages+0x1c/0x30
[26168.506282]  [<c11338c7>] kmalloc_order_trace+0x27/0xa0
[26168.506293]  [<fb36f88e>] conn_node_create+0x2e/0x80 [fw5]
[26168.506302]  [<fb3724e5>] ? hash_table_contains+0x15/0x50 [fw5]
[26168.506310]  [<fb36fd20>] handle_tcp_conn_chain+0xa0/0x430 [fw5]
[26168.506322]  [<c10841c5>] ? getnstimeofday+0x55/0x120
[26168.506330]  [<fb36eaac>] firewall_rx+0x62c/0x920 [fw5]
[26168.506339]  [<c1046fb9>] ? ttwu_queue+0x99/0xb0
[26168.506348]  [<c14dd340>] ? ip_forward_options+0x1d0/0x1d0
[26168.506358]  [<c14d3a03>] nf_iterate+0x63/0x90
[26168.506365]  [<c14dd340>] ? ip_forward_options+0x1d0/0x1d0
[26168.506372]  [<c14d3a92>] nf_hook_slow+0x62/0x110
[26168.506380]  [<c14dd340>] ? ip_forward_options+0x1d0/0x1d0
[26168.506387]  [<c14dee91>] __ip_local_out+0xa1/0xb0
[26168.506394]  [<c14dd340>] ? ip_forward_options+0x1d0/0x1d0
[26168.506401]  [<c14deeb0>] ip_local_out+0x10/0x30
[26168.506408]  [<c14defee>] ip_queue_xmit+0x11e/0x3c0
[26168.506417]  [<c14f77cf>] ? tcp_v4_md5_lookup+0xf/0x20
[26168.506425]  [<c15a5636>] ? tcp_syn_options+0xab/0x1b2
[26168.506432]  [<c14f4de7>] tcp_transmit_skb+0x2d7/0x4a0
[26168.506439]  [<c14f5c15>] tcp_retransmit_skb+0x165/0x2b0
[26168.506447]  [<c14f7437>] tcp_retransmit_timer+0x1e7/0x3e0
[26168.506455]  [<c14f76f7>] tcp_write_timer+0xc7/0xf0
[26168.506464]  [<c1067eff>] call_timer_fn+0x2f/0x110
[26168.506471]  [<c14f7630>] ? tcp_retransmit_timer+0x3e0/0x3e0
[26168.506478]  [<c10695fb>] run_timer_softirq+0xeb/0x210
[26168.506486]  [<c10c4cc3>] ? rcu_check_quiescent_state+0x23/0xa0
[26168.506494]  [<c14f7630>] ? tcp_retransmit_timer+0x3e0/0x3e0
[26168.506501]  [<c10c555b>] ? __rcu_process_callbacks+0x3b/0x110
[26168.506509]  [<c1061490>] ? local_bh_enable_ip+0x90/0x90
[26168.506516]  [<c1061511>] __do_softirq+0x81/0x1a0
[26168.506524]  [<c1061490>] ? local_bh_enable_ip+0x90/0x90
[26168.506530]  <IRQ>  [<c1061856>] ? irq_exit+0x76/0xa0
[26168.506541]  [<c15afd69>] ? smp_apic_timer_interrupt+0x59/0x88
[26168.506571]  [<c15a8909>] ? apic_timer_interrupt+0x31/0x38
[26168.506581]  [<c148f0ef>] ? acpi_pm_read+0xf/0x20
[26168.506589]  [<c10841c5>] ? getnstimeofday+0x55/0x120
[26168.506596]  [<c10842d6>] ? do_gettimeofday+0x16/0x40
[26168.506604]  [<c105ff73>] ? sys_gettimeofday+0x23/0x70
[26168.506612]  [<c15af55f>] ? sysenter_do_call+0x12/0x28
[26168.506618] Mem-Info:
[26168.506623] DMA per-cpu:
[26168.506629] CPU    0: hi:    0, btch:   1 usd:   0
[26168.506635] CPU    1: hi:    0, btch:   1 usd:   0
[26168.506640] CPU    2: hi:    0, btch:   1 usd:   0
[26168.506646] CPU    3: hi:    0, btch:   1 usd:   0
[26168.506651] Normal per-cpu:
[26168.506657] CPU    0: hi:  186, btch:  31 usd: 119
[26168.506663] CPU    1: hi:  186, btch:  31 usd: 136
[26168.506668] CPU    2: hi:  186, btch:  31 usd: 157
[26168.506674] CPU    3: hi:  186, btch:  31 usd: 136
[26168.506679] HighMem per-cpu:
[26168.506684] CPU    0: hi:  186, btch:  31 usd: 161
[26168.506690] CPU    1: hi:  186, btch:  31 usd: 158
[26168.506695] CPU    2: hi:  186, btch:  31 usd: 163
[26168.506701] CPU    3: hi:  186, btch:  31 usd: 172
[26168.506709] active_anon:165477 inactive_anon:2594 isolated_anon:0
[26168.506713]  active_file:31565 inactive_file:97111 isolated_file:0
[26168.506718]  unevictable:0 dirty:645 writeback:0 unstable:0
[26168.506722]  free:508731 slab_reclaimable:3930 slab_unreclaimable:4652
[26168.506727]  mapped:34058 shmem:2961 pagetables:2274 bounce:0
[26168.506736] DMA free:4464kB min:784kB low:980kB high:1176kB active_anon:0kB inactive_anon:0kB active_file:0kB inactive_file:0kB unevictable:0kB isolated(anon):0kB isolated(file):0kB present:15804kB mlocked:0kB dirty:0kB writeback:0kB mapped:0kB shmem:0kB slab_reclaimable:0kB slab_unreclaimable:160kB kernel_stack:16kB pagetables:0kB unstable:0kB bounce:0kB writeback_tmp:0kB pages_scanned:0 all_unreclaimable? yes
[26168.506745] lowmem_reserve[]: 0 869 3948 3948
[26168.506757] Normal free:48740kB min:44216kB low:55268kB high:66324kB active_anon:0kB inactive_anon:0kB active_file:144kB inactive_file:232kB unevictable:0kB isolated(anon):0kB isolated(file):0kB present:890008kB mlocked:0kB dirty:0kB writeback:0kB mapped:4kB shmem:0kB slab_reclaimable:15720kB slab_unreclaimable:18448kB kernel_stack:3896kB pagetables:0kB unstable:0kB bounce:0kB writeback_tmp:0kB pages_scanned:11 all_unreclaimable? no
[26168.506765] lowmem_reserve[]: 0 0 24637 24637
[26168.506777] HighMem free:1981720kB min:512kB low:39680kB high:78852kB active_anon:661908kB inactive_anon:10376kB active_file:126116kB inactive_file:388212kB unevictable:0kB isolated(anon):0kB isolated(file):0kB present:3153572kB mlocked:0kB dirty:2580kB writeback:0kB mapped:136228kB shmem:11844kB slab_reclaimable:0kB slab_unreclaimable:0kB kernel_stack:0kB pagetables:9096kB unstable:0kB bounce:0kB writeback_tmp:0kB pages_scanned:0 all_unreclaimable? no
[26168.506786] lowmem_reserve[]: 0 0 0 0
[26168.506793] DMA: 12*4kB 12*8kB 6*16kB 4*32kB 4*64kB 2*128kB 2*256kB 0*512kB 1*1024kB 1*2048kB 0*4096kB = 4464kB
[26168.506806] Normal: 477*4kB 390*8kB 376*16kB 174*32kB 84*64kB 45*128kB 32*256kB 25*512kB 0*1024kB 0*2048kB 0*4096kB = 48740kB
[26168.506819] HighMem: 729*4kB 998*8kB 1150*16kB 1313*32kB 910*64kB 345*128kB 103*256kB 38*512kB 19*1024kB 3*2048kB 424*4096kB = 1981844kB
[26168.506833] 131693 total pagecache pages
[26168.506838] 0 pages in swap cache
[26168.506844] Swap cache stats: add 0, delete 0, find 0/0
[26168.506849] Free swap  = 0kB
[26168.506854] Total swap = 0kB
[26168.511266] 1155056 pages RAM
[26168.511301] 926722 pages HighMem
[26168.511305] 180205 pages reserved
[26168.511309] 186473 pages shared
[26168.511313] 381445 pages non-shared
[26168.511319] connection_table_add: conn_tab->hash or conn_node are null.
[26168.511324] handle_tcp_conn_chain: failed to set the chain to the connection table.
[26168.511329] firewall_rx: handle_tcp_chain() failed.
[26168.511341] DEBUG_INFO: firewall_rx: packet process time: 8709208 nano.
[26168.511367] DEBUG_INFO: firewall_rx: Received: 10.0.0.6 -> 81.218.31.153 from dev: (null)
[26168.511372] DEBUG_INFO: firewall_rx: TCP src_port: 34966 dst_port: 80 syn: 1 ack: 0
[26168.511377] len: 16
[26168.511381] firewall_rx: data addrs data: ee5b8b30 sk: edca1000
[26168.511386] 9b cb 41 03 1f 00 00 00 f1 9f ad bf 0f 00 00 00  ..A.............
[26168.511390] DEBUG_INFO: enforce_rule_base: called
[26168.511394] DEBUG_INPUT: handle_tcp_conn_chain: Called.
[26168.511402] swapper/3: page allocation failure: order:8, mode:0x4020
[26168.511408] Pid: 0, comm: swapper/3 Tainted: G           O 3.2.0-37-generic-pae #58-Ubuntu
[26168.511412] Call Trace:
[26168.511417] 1155056 pages RAM
[26168.511423] 926722 pages HighMem
[26168.511427] 180205 pages reserved
[26168.511430] 186473 pages shared
[26168.511434] 381445 pages non-shared
[26168.511439] connection_table_add: conn_tab->hash or conn_node are null.
[26168.511449]  [<c15922ab>] ? printk+0x2d/0x2f
[26168.511453] handle_tcp_conn_chain: failed to set the chain to the connection table.
[26168.511461]  [<c10fb46f>] warn_alloc_failed+0xbf/0x100
[26168.511465] firewall_rx: handle_tcp_chain() failed.
[26168.511472]  [<c10fe14f>] __alloc_pages_nodemask+0x56f/0x740
[26168.511476] DEBUG_INFO: firewall_rx: packet process time: 14962516 nano.
[26168.511483]  [<c10fe39c>] __get_free_pages+0x1c/0x30
[26168.511490]  [<c11338c7>] kmalloc_order_trace+0x27/0xa0
[26168.511497]  [<fb36f88e>] conn_node_create+0x2e/0x80 [fw5]
[26168.511502] DEBUG_INFO: firewall_rx: Received: 10.0.0.6 -> 81.218.31.155 from dev: (null)
[26168.511507] DEBUG_INFO: firewall_rx: TCP src_port: 51137 dst_port: 80 syn: 1 ack: 0
[26168.511512] len: 16
[26168.511515] firewall_rx: data addrs data: f2bc5330 sk: f2b4c480
[26168.511520] b7 cb 41 03 1f 00 00 00 f4 ef 83 bf 0f 00 00 00  ..A.............
[26168.511527]  [<fb3724e5>] ? hash_table_contains+0x15/0x50 [fw5]
[26168.511531] DEBUG_INFO: enforce_rule_base: called
[26168.511535] DEBUG_INPUT: handle_tcp_conn_chain: Called.
[26168.511541]  [<fb36fd20>] handle_tcp_conn_chain+0xa0/0x430 [fw5]
[26168.511548]  [<c10841c5>] ? getnstimeofday+0x55/0x120
[26168.511552] swapper/2: page allocation failure: order:8, mode:0x4020
[26168.511558] Pid: 0, comm: swapper/2 Tainted: G           O 3.2.0-37-generic-pae #58-Ubuntu
[26168.511564]  [<fb36eaac>] firewall_rx+0x62c/0x920 [fw5]
[26168.511568] Call Trace:
[26168.511574]  [<c1054130>] ? try_to_wake_up+0x190/0x190
[26168.511581]  [<c15922ab>] ? printk+0x2d/0x2f
[26168.511588]  [<c14dd340>] ? ip_forward_options+0x1d0/0x1d0
[26168.511594]  [<c14d3a03>] nf_iterate+0x63/0x90
[26168.511600]  [<c10fb46f>] warn_alloc_failed+0xbf/0x100
[26168.511606]  [<c10fe14f>] __alloc_pages_nodemask+0x56f/0x740
[26168.511612]  [<c14dd340>] ? ip_forward_options+0x1d0/0x1d0
[26168.511618]  [<c14d3a92>] nf_hook_slow+0x62/0x110
[26168.511623]  [<c10fe39c>] __get_free_pages+0x1c/0x30
[26168.511629]  [<c11338c7>] kmalloc_order_trace+0x27/0xa0
[26168.511635]  [<c14dd340>] ? ip_forward_options+0x1d0/0x1d0
[26168.511641]  [<c14dee91>] __ip_local_out+0xa1/0xb0
[26168.511646]  [<fb36f88e>] conn_node_create+0x2e/0x80 [fw5]
[26168.511653]  [<c14dd340>] ? ip_forward_options+0x1d0/0x1d0
[26168.511658]  [<fb3724e5>] ? hash_table_contains+0x15/0x50 [fw5]
[26168.511664]  [<fb36fd20>] handle_tcp_conn_chain+0xa0/0x430 [fw5]
[26168.511670]  [<c14deeb0>] ip_local_out+0x10/0x30
[26168.511676]  [<c14defee>] ip_queue_xmit+0x11e/0x3c0
[26168.511681]  [<c10841c5>] ? getnstimeofday+0x55/0x120
[26168.511688]  [<c14f77cf>] ? tcp_v4_md5_lookup+0xf/0x20
[26168.511693]  [<fb36eaac>] firewall_rx+0x62c/0x920 [fw5]
[26168.511699]  [<c1054130>] ? try_to_wake_up+0x190/0x190
[26168.511706]  [<c15a5636>] ? tcp_syn_options+0xab/0x1b2
[26168.511711]  [<c14f4de7>] tcp_transmit_skb+0x2d7/0x4a0
[26168.511716]  [<c14dd340>] ? ip_forward_options+0x1d0/0x1d0
[26168.511722]  [<c14d3a03>] nf_iterate+0x63/0x90
[26168.511727]  [<c14f5c15>] tcp_retransmit_skb+0x165/0x2b0
[26168.511733]  [<c14f7437>] tcp_retransmit_timer+0x1e7/0x3e0
[26168.511738]  [<c14dd340>] ? ip_forward_options+0x1d0/0x1d0
[26168.512436]  [<c14d3a92>] nf_hook_slow+0x62/0x110
[26168.512442]  [<c10540e0>] ? try_to_wake_up+0x140/0x190
[26168.512449]  [<c14f76f7>] tcp_write_timer+0xc7/0xf0
[26168.512454]  [<c14dd340>] ? ip_forward_options+0x1d0/0x1d0
[26168.512461]  [<c1067eff>] call_timer_fn+0x2f/0x110
[26168.512468]  [<c104a8f8>] ? update_shares+0xa8/0xd0
[26168.512459]  [<c14dee91>] __ip_local_out+0xa1/0xb0
[26168.512459]  [<c14dd340>] ? ip_forward_options+0x1d0/0x1d0
[26168.512485]  [<c14f7630>] ? tcp_retransmit_timer+0x3e0/0x3e0
[26168.512491]  [<c10695fb>] run_timer_softirq+0xeb/0x210
[26168.512459]  [<c14deeb0>] ip_local_out+0x10/0x30
[26168.512502]  [<c14f7630>] ? tcp_retransmit_timer+0x3e0/0x3e0
[26168.512459]  [<c14defee>] ip_queue_xmit+0x11e/0x3c0
[26168.512514]  [<c1061490>] ? local_bh_enable_ip+0x90/0x90
[26168.512459]  [<c14f77cf>] ? tcp_v4_md5_lookup+0xf/0x20
[26168.512634]  [<c1061511>] __do_softirq+0x81/0x1a0
[26168.512640]  [<c15a5636>] ? tcp_syn_options+0xab/0x1b2
[26168.512647]  [<c14f4de7>] tcp_transmit_skb+0x2d7/0x4a0
[26168.512652]  [<c1061490>] ? local_bh_enable_ip+0x90/0x90
[26168.512657]  <IRQ>  [<c14f5c15>] tcp_retransmit_skb+0x165/0x2b0
[26168.512664]  [<c14f7437>] tcp_retransmit_timer+0x1e7/0x3e0
[26168.512670]  [<c1061856>] ? irq_exit+0x76/0xa0
[26168.512678]  [<c15afd69>] ? smp_apic_timer_interrupt+0x59/0x88
[26168.512684]  [<c1041f8c>] ? update_cfs_load+0x2ac/0x2d0
[26168.512690]  [<c15a8909>] ? apic_timer_interrupt+0x31/0x38
[26168.512697]  [<c14f76f7>] tcp_write_timer+0xc7/0xf0
[26168.512704]  [<c1035d2a>] ? native_safe_halt+0xa/0x10
[26168.512710]  [<c1018b6a>] ? default_idle+0x4a/0x190
[26168.512716]  [<c1067eff>] call_timer_fn+0x2f/0x110
[26168.512722]  [<c10107d8>] ? cpu_idle+0xa8/0xe0
[26168.512729]  [<c104a8f8>] ? update_shares+0xa8/0xd0
[26168.512736]  [<c158b3ab>] ? start_secondary+0xe8/0xed
[26168.512741] Mem-Info:
